Archive member included to satisfy reference by file (symbol)

../../lib/libDaisy/build/libdaisy.a(system.o)
                              build/Earth.o (daisy::System::GetTick())
../../lib/libDaisy/build/libdaisy.a(system_stm32h7xx.o)
                              build/startup_stm32h750xx.o (SystemInit)
../../lib/libDaisy/build/libdaisy.a(usbd_conf.o)
                              ../../lib/libDaisy/build/libdaisy.a(system.o) (hpcd_USB_OTG_HS)
../../lib/libDaisy/build/libdaisy.a(usbh_conf.o)
                              ../../lib/libDaisy/build/libdaisy.a(system.o) (hhcd_USB_OTG_HS)
../../lib/libDaisy/build/libdaisy.a(stm32h7xx_hal.o)
                              ../../lib/libDaisy/build/libdaisy.a(system.o) (HAL_Init)
../../lib/libDaisy/build/libdaisy.a(stm32h7xx_hal_cortex.o)
                              ../../lib/libDaisy/build/libdaisy.a(stm32h7xx_hal.o) (HAL_NVIC_SetPriorityGrouping)
../../lib/libDaisy/build/libdaisy.a(stm32h7xx_hal_gpio.o)
                              ../../lib/libDaisy/build/libdaisy.a(usbd_conf.o) (HAL_GPIO_Init)
../../lib/libDaisy/build/libdaisy.a(stm32h7xx_hal_hcd.o)
                              ../../lib/libDaisy/build/libdaisy.a(usbh_conf.o) (HAL_HCD_HC_Init)
../../lib/libDaisy/build/libdaisy.a(stm32h7xx_hal_pcd.o)
                              ../../lib/libDaisy/build/libdaisy.a(usbd_conf.o) (HAL_PCD_Init)
../../lib/libDaisy/build/libdaisy.a(stm32h7xx_hal_pcd_ex.o)
                              ../../lib/libDaisy/build/libdaisy.a(usbd_conf.o) (HAL_PCDEx_SetTxFiFo)
../../lib/libDaisy/build/libdaisy.a(stm32h7xx_hal_pwr_ex.o)
                              ../../lib/libDaisy/build/libdaisy.a(system.o) (HAL_PWREx_ConfigSupply)
../../lib/libDaisy/build/libdaisy.a(stm32h7xx_hal_rcc.o)
                              ../../lib/libDaisy/build/libdaisy.a(system.o) (HAL_RCC_OscConfig)
../../lib/libDaisy/build/libdaisy.a(stm32h7xx_hal_rcc_ex.o)
                              ../../lib/libDaisy/build/libdaisy.a(system.o) (HAL_RCCEx_PeriphCLKConfig)
../../lib/libDaisy/build/libdaisy.a(stm32h7xx_ll_usb.o)
                              ../../lib/libDaisy/build/libdaisy.a(stm32h7xx_hal_hcd.o) (USB_CoreInit)
../../lib/libDaisy/build/libdaisy.a(usbd_core.o)
                              ../../lib/libDaisy/build/libdaisy.a(usbd_conf.o) (USBD_LL_SetupStage)
../../lib/libDaisy/build/libdaisy.a(usbd_ctlreq.o)
                              ../../lib/libDaisy/build/libdaisy.a(usbd_core.o) (USBD_StdDevReq)
../../lib/libDaisy/build/libdaisy.a(usbd_ioreq.o)
                              ../../lib/libDaisy/build/libdaisy.a(usbd_ctlreq.o) (USBD_CtlSendData)
../../lib/libDaisy/build/libdaisy.a(usbh_core.o)
                              ../../lib/libDaisy/build/libdaisy.a(usbh_conf.o) (USBH_LL_SetTimer)
../../lib/libDaisy/build/libdaisy.a(usbh_ctlreq.o)
                              ../../lib/libDaisy/build/libdaisy.a(usbh_core.o) (USBH_Get_DevDesc)
../../lib/libDaisy/build/libdaisy.a(usbh_ioreq.o)
                              ../../lib/libDaisy/build/libdaisy.a(usbh_ctlreq.o) (USBH_CtlSendSetup)
../../lib/libDaisy/build/libdaisy.a(usbh_pipes.o)
                              ../../lib/libDaisy/build/libdaisy.a(usbh_core.o) (USBH_OpenPipe)
../../lib/libDaisy/build/libdaisy.a(gpio.o)
                              ../../lib/libDaisy/build/libdaisy.a(system.o) (dsy_gpio_init)
../../lib/libDaisy/build/libdaisy.a(i2c.o)
                              ../../lib/libDaisy/build/libdaisy.a(system.o) (dsy_i2c_global_init)
../../lib/libDaisy/build/libdaisy.a(rng.o)
                              ../../lib/libDaisy/build/libdaisy.a(system.o) (daisy::Random::Init())
../../lib/libDaisy/build/libdaisy.a(spi.o)
                              ../../lib/libDaisy/build/libdaisy.a(system.o) (dsy_spi_global_init)
../../lib/libDaisy/build/libdaisy.a(tim.o)
                              ../../lib/libDaisy/build/libdaisy.a(system.o) (daisy::TimerHandle::Init(daisy::TimerHandle::Config const&))
../../lib/libDaisy/build/libdaisy.a(uart.o)
                              ../../lib/libDaisy/build/libdaisy.a(system.o) (dsy_uart_global_init)
../../lib/libDaisy/build/libdaisy.a(dma.o)
                              ../../lib/libDaisy/build/libdaisy.a(system.o) (dsy_dma_init)
../../lib/libDaisy/build/libdaisy.a(hal_map.o)
                              ../../lib/libDaisy/build/libdaisy.a(gpio.o) (dsy_hal_map_get_port)
../../lib/libDaisy/build/libdaisy.a(stm32h7xx_hal_dma.o)
                              ../../lib/libDaisy/build/libdaisy.a(i2c.o) (HAL_DMA_Init)
../../lib/libDaisy/build/libdaisy.a(stm32h7xx_hal_i2c.o)
                              ../../lib/libDaisy/build/libdaisy.a(i2c.o) (HAL_I2C_Init)
../../lib/libDaisy/build/libdaisy.a(stm32h7xx_hal_i2c_ex.o)
                              ../../lib/libDaisy/build/libdaisy.a(i2c.o) (HAL_I2CEx_ConfigAnalogFilter)
../../lib/libDaisy/build/libdaisy.a(stm32h7xx_hal_pwr.o)
                              ../../lib/libDaisy/build/libdaisy.a(stm32h7xx_hal_pwr_ex.o) (HAL_PWR_PVDCallback)
[...]
Memory Configuration

Name             Origin             Length             Attributes
FLASH            0x08000000         0x00020000         xr
DTCMRAM          0x20000000         0x00020000         xrw
SRAM             0x24000000         0x00080000         xrw
RAM_D2           0x30000000         0x00048000         xrw
RAM_D3           0x38000000         0x00010000         xrw
BACKUP_SRAM      0x38800000         0x00001000         xrw
ITCMRAM          0x00000000         0x00010000         xrw
SDRAM            0xc0000000         0x04000000         xrw
QSPIFLASH        0x90000000         0x00800000         xr
*default*        0x00000000         0xffffffff

Linker script and memory map

LOAD /usr/lib/gcc/arm-none-eabi/15.2.0/thumb/v7e-m+dp/hard/crti.o
LOAD /usr/lib/gcc/arm-none-eabi/15.2.0/thumb/v7e-m+dp/hard/crtbegin.o
LOAD /usr/lib/gcc/arm-none-eabi/15.2.0/../../../../arm-none-eabi/lib/thumb/v7e-m+dp/hard/crt0.o
LOAD build/startup_stm32h750xx.o
LOAD build/Earth.o
LOAD build/Dattorro.o
LOAD build/InterpDelay.o
LOAD build/OnePoleFilters.o
LOAD ../../lib/libDaisy/build/libdaisy.a
LOAD /usr/lib/gcc/arm-none-eabi/15.2.0/../../../../arm-none-eabi/lib/thumb/v7e-m+dp/hard/libnosys.a
LOAD ../../lib/DaisySP/build/libdaisysp.a
LOAD /usr/lib/gcc/arm-none-eabi/15.2.0/../../../../arm-none-eabi/lib/thumb/v7e-m+dp/hard/libstdc++_nano.a
LOAD /usr/lib/gcc/arm-none-eabi/15.2.0/../../../../arm-none-eabi/lib/thumb/v7e-m+dp/hard/libm.a
LOAD /usr/lib/gcc/arm-none-eabi/15.2.0/../../../../arm-none-eabi/lib/thumb/v7e-m+dp/hard/libc_nano.a
START GROUP
LOAD /usr/lib/gcc/arm-none-eabi/15.2.0/thumb/v7e-m+dp/hard/libgcc.a
LOAD /usr/lib/gcc/arm-none-eabi/15.2.0/../../../../arm-none-eabi/lib/thumb/v7e-m+dp/hard/libc_nano.a
END GROUP
START GROUP
LOAD /usr/lib/gcc/arm-none-eabi/15.2.0/thumb/v7e-m+dp/hard/libgcc.a
LOAD /usr/lib/gcc/arm-none-eabi/15.2.0/../../../../arm-none-eabi/lib/thumb/v7e-m+dp/hard/libc_nano.a
LOAD /usr/lib/gcc/arm-none-eabi/15.2.0/../../../../arm-none-eabi/lib/thumb/v7e-m+dp/hard/libnosys.a
END GROUP
START GROUP
LOAD /usr/lib/gcc/arm-none-eabi/15.2.0/thumb/v7e-m+dp/hard/libgcc.a
LOAD /usr/lib/gcc/arm-none-eabi/15.2.0/../../../../arm-none-eabi/lib/thumb/v7e-m+dp/hard/libc_nano.a
LOAD /usr/lib/gcc/arm-none-eabi/15.2.0/../../../../arm-none-eabi/lib/thumb/v7e-m+dp/hard/libnosys.a
END GROUP
LOAD /usr/lib/gcc/arm-none-eabi/15.2.0/thumb/v7e-m+dp/hard/crtend.o
LOAD /usr/lib/gcc/arm-none-eabi/15.2.0/thumb/v7e-m+dp/hard/crtn.o
                0x20020000                        _estack = 0x20020000

.isr_vector     0x08000000      0x298
                0x08000000                        . = ALIGN (0x4)
 *(.isr_vector)
 .isr_vector    0x08000000      0x298 build/startup_stm32h750xx.o
                0x08000000                g_pfnVectors
                0x08000298                        . = ALIGN (0x4)

.text           0x08000298     0x7e7c
                0x08000298                        . = ALIGN (0x4)
                0x08000298                        _stext = .
 *(.text)
 .text          0x08000298       0x88 /usr/lib/gcc/arm-none-eabi/15.2.0/thumb/v7e-m+dp/hard/crtbegin.o
 .text          0x08000320       0x30 /usr/lib/gcc/arm-none-eabi/15.2.0/thumb/v7e-m+dp/hard/libgcc.a(_aeabi_uldivmod.o)
                0x08000320                __aeabi_uldivmod
 .text          0x08000350      0x320 /usr/lib/gcc/arm-none-eabi/15.2.0/thumb/v7e-m+dp/hard/libgcc.a(_udivmoddi4.o)
                0x08000350                __udivmoddi4
 .text          0x08000670        0x4 /usr/lib/gcc/arm-none-eabi/15.2.0/thumb/v7e-m+dp/hard/libgcc.a(_dvmd_tls.o)
                0x08000670                __aeabi_ldiv0
                0x08000670                __aeabi_idiv0
 *(.text*)
 .text.Default_Handler
                0x08000674        0x4 build/startup_stm32h750xx.o
                0x08000674                RTC_Alarm_IRQHandler
                0x08000674                HASH_RNG_IRQHandler
                0x08000674                EXTI2_IRQHandler
                0x08000674                TIM8_CC_IRQHandler
                0x08000674                HRTIM1_Master_IRQHandler
                0x08000674                DebugMon_Handler
                0x08000674                TIM1_CC_IRQHandler
                0x08000674                BDMA_Channel6_IRQHandler
                0x08000674                DMA2_Stream5_IRQHandler
                0x08000674                HRTIM1_FLT_IRQHandler
                0x08000674                JPEG_IRQHandler
                0x08000674                BDMA_Channel1_IRQHandler
                0x08000674                HRTIM1_TIMD_IRQHandler
                0x08000674                TAMP_STAMP_IRQHandler
                0x08000674                PendSV_Handler
                0x08000674                NMI_Handler
                0x08000674                EXTI3_IRQHandler
                0x08000674                LPTIM4_IRQHandler
                0x08000674                TIM8_TRG_COM_TIM14_IRQHandler
                0x08000674                LPTIM2_IRQHandler
                0x08000674                DFSDM1_FLT1_IRQHandler
                0x08000674                DMAMUX2_OVR_IRQHandler
                0x08000674                TIM8_UP_TIM13_IRQHandler
                0x08000674                I2C3_ER_IRQHandler
                0x08000674                DFSDM1_FLT2_IRQHandler
                0x08000674                MDMA_IRQHandler
                0x08000674                LPTIM3_IRQHandler
                0x08000674                HSEM1_IRQHandler
                0x08000674                EXTI0_IRQHandler
                0x08000674                DMA1_Stream2_IRQHandler
                0x08000674                FPU_IRQHandler
                0x08000674                OTG_HS_WKUP_IRQHandler
                0x08000674                FDCAN1_IT1_IRQHandler
                0x08000674                UsageFault_Handler
                0x08000674                LTDC_ER_IRQHandler
                0x08000674                HRTIM1_TIME_IRQHandler
                0x08000674                TIM6_DAC_IRQHandler
                0x08000674                DCMI_IRQHandler
                0x08000674                HRTIM1_TIMC_IRQHandler
                0x08000674                SAI2_IRQHandler
                0x08000674                DFSDM1_FLT3_IRQHandler
                0x08000674                TIM17_IRQHandler
                0x08000674                CRYP_IRQHandler
                0x08000674                BDMA_Channel7_IRQHandler
                0x08000674                LPTIM5_IRQHandler
                0x08000674                ADC3_IRQHandler
                0x08000674                DMA2_Stream0_IRQHandler
                0x08000674                BDMA_Channel2_IRQHandler
                0x08000674                QUADSPI_IRQHandler
                0x08000674                DMAMUX1_OVR_IRQHandler
                0x08000674                DMA1_Stream1_IRQHandler
                0x08000674                TIM16_IRQHandler
                0x08000674                BDMA_Channel5_IRQHandler
                0x08000674                RCC_IRQHandler
                0x08000674                TIM8_BRK_TIM12_IRQHandler
                0x08000674                TIM1_TRG_COM_IRQHandler
                0x08000674                Default_Handler
                0x08000674                ECC_IRQHandler
                0x08000674                CEC_IRQHandler
                0x08000674                EXTI15_10_IRQHandler
                0x08000674                BDMA_Channel0_IRQHandler
                0x08000674                ADC_IRQHandler
                0x08000674                DMA1_Stream7_IRQHandler
                0x08000674                HRTIM1_TIMA_IRQHandler
                0x08000674                TIM7_IRQHandler
                0x08000674                SDMMC1_IRQHandler
                0x08000674                DMA2_Stream7_IRQHandler
                0x08000674                TIM15_IRQHandler
                0x08000674                PVD_AVD_IRQHandler
                0x08000674                EXTI9_5_IRQHandler
                0x08000674                RTC_WKUP_IRQHandler
                0x08000674                LTDC_IRQHandler
                0x08000674                SAI3_IRQHandler
                0x08000674                ETH_WKUP_IRQHandler
                0x08000674                SPDIF_RX_IRQHandler
                0x08000674                MemManage_Handler
                0x08000674                DMA1_Stream0_IRQHandler
                0x08000674                SVC_Handler
                0x08000674                CRS_IRQHandler
                0x08000674                EXTI4_IRQHandler
                0x08000674                HRTIM1_TIMB_IRQHandler
                0x08000674                FDCAN2_IT1_IRQHandler
                0x08000674                ETH_IRQHandler
                0x08000674                TIM1_UP_IRQHandler
                0x08000674                BDMA_Channel4_IRQHandler
                0x08000674                WWDG_IRQHandler
                0x08000674                SPI6_IRQHandler
                0x08000674                I2C4_EV_IRQHandler
                0x08000674                MDIOS_IRQHandler
                0x08000674                FDCAN2_IT0_IRQHandler
                0x08000674                FDCAN1_IT0_IRQHandler
                0x08000674                OTG_FS_WKUP_IRQHandler
                0x08000674                DMA2D_IRQHandler
                0x08000674                TIM1_BRK_IRQHandler
                0x08000674                EXTI1_IRQHandler
                0x08000674                SDMMC2_IRQHandler
                0x08000674                OTG_FS_EP1_OUT_IRQHandler
                0x08000674                BDMA_Channel3_IRQHandler
                0x08000674                MDIOS_WKUP_IRQHandler
                0x08000674                DFSDM1_FLT0_IRQHandler
                0x08000674                SAI4_IRQHandler
                0x08000674                I2C2_ER_IRQHandler
                0x08000674                DMA2_Stream1_IRQHandler
                0x08000674                FLASH_IRQHandler
                0x08000674                BusFault_Handler
                0x08000674                OTG_FS_IRQHandler
                0x08000674                WAKEUP_PIN_IRQHandler
                0x08000674                DMA1_Stream4_IRQHandler
                0x08000674                OTG_FS_EP1_IN_IRQHandler
                0x08000674                I2C1_ER_IRQHandler
                0x08000674                FMC_IRQHandler
                0x08000674                FDCAN_CAL_IRQHandler
                0x08000674                SWPMI1_IRQHandler
                0x08000674                COMP1_IRQHandler
                0x08000674                LPTIM1_IRQHandler
                0x08000674                I2C4_ER_IRQHandler
                0x08000674                DMA2_Stream6_IRQHandler
                0x08000674                SAI1_IRQHandler
                0x08000674                DMA1_Stream3_IRQHandler
 .text.Reset_Handler
                0x08000678       0x48 build/startup_stm32h750xx.o
                0x08000678                Reset_Handler
 .text.SysTick_Handler
                0x080006c0       0x10 ../../lib/libDaisy/build/libdaisy.a(system.o)
                0x080006c0                SysTick_Handler
 .text.OTG_HS_EP1_OUT_IRQHandler
                0x080006d0       0x24 ../../lib/libDaisy/build/libdaisy.a(system.o)
                0x080006d0                OTG_HS_EP1_OUT_IRQHandler
 .text.OTG_HS_EP1_IN_IRQHandler
                0x080006f4       0x24 ../../lib/libDaisy/build/libdaisy.a(system.o)
                0x080006f4                OTG_HS_EP1_IN_IRQHandler
 .text.OTG_HS_IRQHandler
                0x08000718       0x24 ../../lib/libDaisy/build/libdaisy.a(system.o)
                0x08000718                OTG_HS_IRQHandler
 .text.HardFault_Handler
                0x0800073c       0xe0 ../../lib/libDaisy/build/libdaisy.a(system.o)
                0x0800073c                HardFault_Handler
 .text.startup._GLOBAL__sub_I__ZN5daisy9boot_infoE
                0x0800081c        0xc ../../lib/libDaisy/build/libdaisy.a(system.o)
 .text.SystemInit
                0x08000828       0x98 ../../lib/libDaisy/build/libdaisy.a(system_stm32h7xx.o)
                0x08000828                SystemInit
 .text.HAL_PCD_SetupStageCallback
                0x080008c0        0xc ../../lib/libDaisy/build/libdaisy.a(usbd_conf.o)
                0x080008c0                HAL_PCD_SetupStageCallback
 .text.HAL_PCD_DataOutStageCallback
                0x080008cc       0x18 ../../lib/libDaisy/build/libdaisy.a(usbd_conf.o)
                0x080008cc                HAL_PCD_DataOutStageCallback
 .text.HAL_PCD_DataInStageCallback
                0x080008e4       0x14 ../../lib/libDaisy/build/libdaisy.a(usbd_conf.o)
                0x080008e4                HAL_PCD_DataInStageCallback
 .text.HAL_PCD_SOFCallback
                0x080008f8        0x8 ../../lib/libDaisy/build/libdaisy.a(usbd_conf.o)
                0x080008f8                HAL_PCD_SOFCallback
 .text.HAL_PCD_ResetCallback
                0x08000900       0x2c ../../lib/libDaisy/build/libdaisy.a(usbd_conf.o)
                0x08000900                HAL_PCD_ResetCallback
 .text.HAL_PCD_SuspendCallback
                0x0800092c       0x30 ../../lib/libDaisy/build/libdaisy.a(usbd_conf.o)
                0x0800092c                HAL_PCD_SuspendCallback
 .text.HAL_PCD_ResumeCallback
                0x0800095c        0x8 ../../lib/libDaisy/build/libdaisy.a(usbd_conf.o)
                0x0800095c                HAL_PCD_ResumeCallback
 .text.HAL_PCD_ISOOUTIncompleteCallback
                0x08000964        0x8 ../../lib/libDaisy/build/libdaisy.a(usbd_conf.o)
                0x08000964                HAL_PCD_ISOOUTIncompleteCallback
 .text.HAL_PCD_ISOINIncompleteCallback
                0x0800096c        0x8 ../../lib/libDaisy/build/libdaisy.a(usbd_conf.o)
                0x0800096c                HAL_PCD_ISOINIncompleteCallback
 .text.HAL_PCD_ConnectCallback
                0x08000974        0x8 ../../lib/libDaisy/build/libdaisy.a(usbd_conf.o)
                0x08000974                HAL_PCD_ConnectCallback
 .text.HAL_PCD_DisconnectCallback
                0x0800097c        0x8 ../../lib/libDaisy/build/libdaisy.a(usbd_conf.o)
                0x0800097c                HAL_PCD_DisconnectCallback
 .text.USBD_LL_OpenEP
                0x08000984       0x1c ../../lib/libDaisy/build/libdaisy.a(usbd_conf.o)
                0x08000984                USBD_LL_OpenEP
 .text.USBD_LL_StallEP
                0x080009a0       0x18 ../../lib/libDaisy/build/libdaisy.a(usbd_conf.o)
                0x080009a0                USBD_LL_StallEP
 .text.USBD_LL_ClearStallEP
                0x080009b8       0x18 ../../lib/libDaisy/build/libdaisy.a(usbd_conf.o)
                0x080009b8                USBD_LL_ClearStallEP
 .text.USBD_LL_IsStallEP
                0x080009d0       0x28 ../../lib/libDaisy/build/libdaisy.a(usbd_conf.o)
                0x080009d0                USBD_LL_IsStallEP
 .text.USBD_LL_SetUSBAddress
                0x080009f8       0x18 ../../lib/libDaisy/build/libdaisy.a(usbd_conf.o)
                0x080009f8                USBD_LL_SetUSBAddress
 .text.USBD_LL_Transmit
                0x08000a10       0x18 ../../lib/libDaisy/build/libdaisy.a(usbd_conf.o)
                0x08000a10                USBD_LL_Transmit
 .text.USBD_LL_PrepareReceive
                0x08000a28       0x18 ../../lib/libDaisy/build/libdaisy.a(usbd_conf.o)
                0x08000a28                USBD_LL_PrepareReceive
 .text.HAL_HCD_SOF_Callback
                0x08000a40        0x8 ../../lib/libDaisy/build/libdaisy.a(usbh_conf.o)
                0x08000a40                HAL_HCD_SOF_Callback
 .text.HAL_HCD_Connect_Callback
                0x08000a48        0x8 ../../lib/libDaisy/build/libdaisy.a(usbh_conf.o)
                0x08000a48                HAL_HCD_Connect_Callback
 .text.HAL_HCD_Disconnect_Callback
                0x08000a50        0x8 ../../lib/libDaisy/build/libdaisy.a(usbh_conf.o)
                0x08000a50                HAL_HCD_Disconnect_Callback
 .text.HAL_HCD_HC_NotifyURBChange_Callback
                0x08000a58        0x4 ../../lib/libDaisy/build/libdaisy.a(usbh_conf.o)
                0x08000a58                HAL_HCD_HC_NotifyURBChange_Callback
 .text.HAL_HCD_PortEnabled_Callback
                0x08000a5c        0x8 ../../lib/libDaisy/build/libdaisy.a(usbh_conf.o)
                0x08000a5c                HAL_HCD_PortEnabled_Callback
 .text.HAL_HCD_PortDisabled_Callback
                0x08000a64        0x8 ../../lib/libDaisy/build/libdaisy.a(usbh_conf.o)
                0x08000a64                HAL_HCD_PortDisabled_Callback
 .text.USBH_LL_Stop
                0x08000a6c       0x18 ../../lib/libDaisy/build/libdaisy.a(usbh_conf.o)
                0x08000a6c                USBH_LL_Stop
 .text.HAL_IncTick
                0x08000a84       0x18 ../../lib/libDaisy/build/libdaisy.a(stm32h7xx_hal.o)
                0x08000a84                HAL_IncTick
 .text.HAL_GetTick
                0x08000a9c        0xc ../../lib/libDaisy/build/libdaisy.a(stm32h7xx_hal.o)
                0x08000a9c                HAL_GetTick
 .text.HAL_NVIC_SetPriority
                0x08000aa8       0x60 ../../lib/libDaisy/build/libdaisy.a(stm32h7xx_hal_cortex.o)
                0x08000aa8                HAL_NVIC_SetPriority
 .text.HAL_NVIC_EnableIRQ
                0x08000b08       0x1c ../../lib/libDaisy/build/libdaisy.a(stm32h7xx_hal_cortex.o)
                0x08000b08                HAL_NVIC_EnableIRQ
 .text.HAL_SYSTICK_Callback
                0x08000b24        0x4 ../../lib/libDaisy/build/libdaisy.a(stm32h7xx_hal_cortex.o)
                0x08000b24                HAL_SYSTICK_Callback
 .text.HAL_SYSTICK_IRQHandler
                0x08000b28        0x8 ../../lib/libDaisy/build/libdaisy.a(stm32h7xx_hal_cortex.o)
                0x08000b28                HAL_SYSTICK_IRQHandler
 .text.HAL_GPIO_Init
                0x08000b30      0x3f0 ../../lib/libDaisy/build/libdaisy.a(stm32h7xx_hal_gpio.o)
                0x08000b30                HAL_GPIO_Init
 .text.HAL_HCD_IRQHandler
                0x08000f20      0x8a8 ../../lib/libDaisy/build/libdaisy.a(stm32h7xx_hal_hcd.o)
                0x08000f20                HAL_HCD_IRQHandler
 .text.HAL_HCD_Stop
                0x080017c8       0x30 ../../lib/libDaisy/build/libdaisy.a(stm32h7xx_hal_hcd.o)
                0x080017c8                HAL_HCD_Stop
 .text.HAL_PCD_IRQHandler
                0x080017f8      0x73c ../../lib/libDaisy/build/libdaisy.a(stm32h7xx_hal_pcd.o)
                0x080017f8                HAL_PCD_IRQHandler
 .text.HAL_PCD_SetAddress
                0x08001f34       0x34 ../../lib/libDaisy/build/libdaisy.a(stm32h7xx_hal_pcd.o)
                0x08001f34                HAL_PCD_SetAddress
 .text.HAL_PCD_EP_Open
                0x08001f68       0x7c ../../lib/libDaisy/build/libdaisy.a(stm32h7xx_hal_pcd.o)
                0x08001f68                HAL_PCD_EP_Open
 .text.HAL_PCD_EP_Receive
                0x08001fe4       0x58 ../../lib/libDaisy/build/libdaisy.a(stm32h7xx_hal_pcd.o)
                0x08001fe4                HAL_PCD_EP_Receive
 .text.HAL_PCD_EP_Transmit
                0x0800203c       0x50 ../../lib/libDaisy/build/libdaisy.a(stm32h7xx_hal_pcd.o)
                0x0800203c                HAL_PCD_EP_Transmit
 .text.HAL_PCD_EP_SetStall
                0x0800208c       0x98 ../../lib/libDaisy/build/libdaisy.a(stm32h7xx_hal_pcd.o)
                0x0800208c                HAL_PCD_EP_SetStall
 .text.HAL_PCD_EP_ClrStall
                0x08002124       0x78 ../../lib/libDaisy/build/libdaisy.a(stm32h7xx_hal_pcd.o)
                0x08002124                HAL_PCD_EP_ClrStall
 .text.HAL_PCDEx_LPM_Callback
                0x0800219c        0x4 ../../lib/libDaisy/build/libdaisy.a(stm32h7xx_hal_pcd_ex.o)
                0x0800219c                HAL_PCDEx_LPM_Callback
 .text.HAL_RCC_GetSysClockFreq
                0x080021a0      0x120 ../../lib/libDaisy/build/libdaisy.a(stm32h7xx_hal_rcc.o)
                0x080021a0                HAL_RCC_GetSysClockFreq
 .text.HAL_RCC_GetHCLKFreq
                0x080022c0       0x2c ../../lib/libDaisy/build/libdaisy.a(stm32h7xx_hal_rcc.o)
                0x080022c0                HAL_RCC_GetHCLKFreq
 .text.HAL_RCC_GetPCLK1Freq
                0x080022ec       0x3c ../../lib/libDaisy/build/libdaisy.a(stm32h7xx_hal_rcc.o)
                0x080022ec                HAL_RCC_GetPCLK1Freq
 .text.HAL_RCC_GetPCLK2Freq
                0x08002328       0x3c ../../lib/libDaisy/build/libdaisy.a(stm32h7xx_hal_rcc.o)
                0x08002328                HAL_RCC_GetPCLK2Freq
 .text.HAL_RCCEx_GetD3PCLK1Freq
                0x08002364       0x24 ../../lib/libDaisy/build/libdaisy.a(stm32h7xx_hal_rcc_ex.o)
                0x08002364                HAL_RCCEx_GetD3PCLK1Freq
 .text.HAL_RCCEx_GetPLL2ClockFreq
                0x08002388      0x138 ../../lib/libDaisy/build/libdaisy.a(stm32h7xx_hal_rcc_ex.o)
                0x08002388                HAL_RCCEx_GetPLL2ClockFreq
 .text.HAL_RCCEx_GetPLL3ClockFreq
                0x080024c0      0x138 ../../lib/libDaisy/build/libdaisy.a(stm32h7xx_hal_rcc_ex.o)
                0x080024c0                HAL_RCCEx_GetPLL3ClockFreq
 .text.HAL_RCCEx_GetD1SysClockFreq
                0x080025f8       0x2c ../../lib/libDaisy/build/libdaisy.a(stm32h7xx_hal_rcc_ex.o)
                0x080025f8                HAL_RCCEx_GetD1SysClockFreq
 .text.USB_SetTurnaroundTime
                0x08002624      0x104 ../../lib/libDaisy/build/libdaisy.a(stm32h7xx_ll_usb.o)
                0x08002624                USB_SetTurnaroundTime
 .text.USB_FlushTxFifo
                0x08002728       0x34 ../../lib/libDaisy/build/libdaisy.a(stm32h7xx_ll_usb.o)
                0x08002728                USB_FlushTxFifo
 .text.USB_GetDevSpeed
                0x0800275c       0x24 ../../lib/libDaisy/build/libdaisy.a(stm32h7xx_ll_usb.o)
                0x0800275c                USB_GetDevSpeed
 .text.USB_ActivateEndpoint
                0x08002780       0x94 ../../lib/libDaisy/build/libdaisy.a(stm32h7xx_ll_usb.o)
                0x08002780                USB_ActivateEndpoint
 .text.USB_EPStartXfer
                0x08002814      0x214 ../../lib/libDaisy/build/libdaisy.a(stm32h7xx_ll_usb.o)
                0x08002814                USB_EPStartXfer
 .text.USB_EP0StartXfer
                0x08002a28      0x100 ../../lib/libDaisy/build/libdaisy.a(stm32h7xx_ll_usb.o)
                0x08002a28                USB_EP0StartXfer
 .text.USB_WritePacket
                0x08002b28       0x28 ../../lib/libDaisy/build/libdaisy.a(stm32h7xx_ll_usb.o)
                0x08002b28                USB_WritePacket
 .text.USB_ReadPacket
                0x08002b50       0x2c ../../lib/libDaisy/build/libdaisy.a(stm32h7xx_ll_usb.o)
                0x08002b50                USB_ReadPacket
 .text.USB_EPSetStall
                0x08002b7c       0x68 ../../lib/libDaisy/build/libdaisy.a(stm32h7xx_ll_usb.o)
                0x08002b7c                USB_EPSetStall
 .text.USB_EPClearStall
                0x08002be4       0x58 ../../lib/libDaisy/build/libdaisy.a(stm32h7xx_ll_usb.o)
                0x08002be4                USB_EPClearStall
 .text.USB_SetDevAddress
                0x08002c3c       0x24 ../../lib/libDaisy/build/libdaisy.a(stm32h7xx_ll_usb.o)
                0x08002c3c                USB_SetDevAddress
 .text.USB_ReadInterrupts
                0x08002c60       0x14 ../../lib/libDaisy/build/libdaisy.a(stm32h7xx_ll_usb.o)
                0x08002c60                USB_ReadInterrupts
 .text.USB_ReadDevAllOutEpInterrupt
                0x08002c74       0x1c ../../lib/libDaisy/build/libdaisy.a(stm32h7xx_ll_usb.o)
                0x08002c74                USB_ReadDevAllOutEpInterrupt
 .text.USB_ReadDevAllInEpInterrupt
                0x08002c90       0x1c ../../lib/libDaisy/build/libdaisy.a(stm32h7xx_ll_usb.o)
                0x08002c90                USB_ReadDevAllInEpInterrupt
 .text.USB_ReadDevOutEPInterrupt
                0x08002cac       0x1c ../../lib/libDaisy/build/libdaisy.a(stm32h7xx_ll_usb.o)
                0x08002cac                USB_ReadDevOutEPInterrupt
 .text.USB_ReadDevInEPInterrupt
                0x08002cc8       0x38 ../../lib/libDaisy/build/libdaisy.a(stm32h7xx_ll_usb.o)
                0x08002cc8                USB_ReadDevInEPInterrupt
 .text.USB_GetMode
                0x08002d00        0x8 ../../lib/libDaisy/build/libdaisy.a(stm32h7xx_ll_usb.o)
                0x08002d00                USB_GetMode
 .text.USB_ActivateSetup
                0x08002d08       0x34 ../../lib/libDaisy/build/libdaisy.a(stm32h7xx_ll_usb.o)
                0x08002d08                USB_ActivateSetup
 .text.USB_EP0_OutStart
                0x08002d3c       0x54 ../../lib/libDaisy/build/libdaisy.a(stm32h7xx_ll_usb.o)
                0x08002d3c                USB_EP0_OutStart
 .text.USB_InitFSLSPClkSel
                0x08002d90       0x44 ../../lib/libDaisy/build/libdaisy.a(stm32h7xx_ll_usb.o)
                0x08002d90                USB_InitFSLSPClkSel
 .text.USB_HC_ReadInterrupt
                0x08002dd4        0x8 ../../lib/libDaisy/build/libdaisy.a(stm32h7xx_ll_usb.o)
                0x08002dd4                USB_HC_ReadInterrupt
 .text.USB_HC_Halt
                0x08002ddc       0xc0 ../../lib/libDaisy/build/libdaisy.a(stm32h7xx_ll_usb.o)
                0x08002ddc                USB_HC_Halt
 .text.USB_StopHost
                0x08002e9c       0xe0 ../../lib/libDaisy/build/libdaisy.a(stm32h7xx_ll_usb.o)
                0x08002e9c                USB_StopHost
 .text.USBD_SetClassConfig
                0x08002f7c       0x1c ../../lib/libDaisy/build/libdaisy.a(usbd_core.o)
                0x08002f7c                USBD_SetClassConfig
 .text.USBD_ClrClassConfig
                0x08002f98       0x10 ../../lib/libDaisy/build/libdaisy.a(usbd_core.o)
                0x08002f98                USBD_ClrClassConfig
 .text.USBD_LL_SetupStage
                0x08002fa8       0x68 ../../lib/libDaisy/build/libdaisy.a(usbd_core.o)
                0x08002fa8                USBD_LL_SetupStage
 .text.USBD_LL_DataOutStage
                0x08003010       0x80 ../../lib/libDaisy/build/libdaisy.a(usbd_core.o)
                0x08003010                USBD_LL_DataOutStage
 .text.USBD_LL_DataInStage
                0x08003090       0xd4 ../../lib/libDaisy/build/libdaisy.a(usbd_core.o)
                0x08003090                USBD_LL_DataInStage
 .text.USBD_LL_Reset
                0x08003164       0x50 ../../lib/libDaisy/build/libdaisy.a(usbd_core.o)
                0x08003164                USBD_LL_Reset
 .text.USBD_LL_SetSpeed
                0x080031b4        0x8 ../../lib/libDaisy/build/libdaisy.a(usbd_core.o)
                0x080031b4                USBD_LL_SetSpeed
 .text.USBD_LL_Suspend
                0x080031bc       0x14 ../../lib/libDaisy/build/libdaisy.a(usbd_core.o)
                0x080031bc                USBD_LL_Suspend
 .text.USBD_LL_Resume
                0x080031d0       0x10 ../../lib/libDaisy/build/libdaisy.a(usbd_core.o)
                0x080031d0                USBD_LL_Resume
 .text.USBD_LL_SOF
                0x080031e0       0x1c ../../lib/libDaisy/build/libdaisy.a(usbd_core.o)
                0x080031e0                USBD_LL_SOF
 .text.USBD_LL_IsoINIncomplete
                0x080031fc        0x4 ../../lib/libDaisy/build/libdaisy.a(usbd_core.o)
                0x080031fc                USBD_LL_IsoINIncomplete
 .text.USBD_LL_IsoOUTIncomplete
                0x08003200        0x4 ../../lib/libDaisy/build/libdaisy.a(usbd_core.o)
                0x08003200                USBD_LL_IsoOUTIncomplete
 .text.USBD_LL_DevConnected
                0x08003204        0x4 ../../lib/libDaisy/build/libdaisy.a(usbd_core.o)
                0x08003204                USBD_LL_DevConnected
 .text.USBD_LL_DevDisconnected
                0x08003208       0x18 ../../lib/libDaisy/build/libdaisy.a(usbd_core.o)
                0x08003208                USBD_LL_DevDisconnected
 .text.USBD_StdDevReq
                0x08003220      0x308 ../../lib/libDaisy/build/libdaisy.a(usbd_ctlreq.o)
                0x08003220                USBD_StdDevReq
 .text.USBD_StdItfReq
                0x08003528       0x70 ../../lib/libDaisy/build/libdaisy.a(usbd_ctlreq.o)
                0x08003528                USBD_StdItfReq
 .text.USBD_StdEPReq
                0x08003598      0x160 ../../lib/libDaisy/build/libdaisy.a(usbd_ctlreq.o)
                0x08003598                USBD_StdEPReq
 .text.USBD_ParseSetupRequest
                0x080036f8       0x18 ../../lib/libDaisy/build/libdaisy.a(usbd_ctlreq.o)
                0x080036f8                USBD_ParseSetupRequest
 .text.USBD_CtlSendData
                0x08003710       0x1c ../../lib/libDaisy/build/libdaisy.a(usbd_ioreq.o)
                0x08003710                USBD_CtlSendData
 .text.USBD_CtlContinueSendData
                0x0800372c       0x10 ../../lib/libDaisy/build/libdaisy.a(usbd_ioreq.o)
                0x0800372c                USBD_CtlContinueSendData
 .text.USBD_CtlContinueRx
                0x0800373c       0x10 ../../lib/libDaisy/build/libdaisy.a(usbd_ioreq.o)
                0x0800373c                USBD_CtlContinueRx
 .text.USBD_CtlSendStatus
                0x0800374c       0x18 ../../lib/libDaisy/build/libdaisy.a(usbd_ioreq.o)
                0x0800374c                USBD_CtlSendStatus
 .text.USBD_CtlReceiveStatus
                0x08003764       0x18 ../../lib/libDaisy/build/libdaisy.a(usbd_ioreq.o)
                0x08003764                USBD_CtlReceiveStatus
 .text.USBH_LL_IncTimer
                0x0800377c       0x20 ../../lib/libDaisy/build/libdaisy.a(usbh_core.o)
                0x0800377c                USBH_LL_IncTimer
 .text.USBH_LL_PortEnabled
                0x0800379c        0x8 ../../lib/libDaisy/build/libdaisy.a(usbh_core.o)
                0x0800379c                USBH_LL_PortEnabled
 .text.USBH_LL_PortDisabled
                0x080037a4        0x8 ../../lib/libDaisy/build/libdaisy.a(usbh_core.o)
                0x080037a4                USBH_LL_PortDisabled
 .text.USBH_LL_Connect
                0x080037ac       0x18 ../../lib/libDaisy/build/libdaisy.a(usbh_core.o)
                0x080037ac                USBH_LL_Connect
 .text.USBH_LL_Disconnect
                0x080037c4       0x2c ../../lib/libDaisy/build/libdaisy.a(usbh_core.o)
                0x080037c4                USBH_LL_Disconnect
 .text.USBH_FreePipe
                0x080037f0       0x18 ../../lib/libDaisy/build/libdaisy.a(usbh_pipes.o)
                0x080037f0                USBH_FreePipe
 .text.DMA1_Stream6_IRQHandler
                0x08003808       0x40 ../../lib/libDaisy/build/libdaisy.a(i2c.o)
                0x08003808                DMA1_Stream6_IRQHandler
 .text.I2C1_EV_IRQHandler
                0x08003848        0xc ../../lib/libDaisy/build/libdaisy.a(i2c.o)
                0x08003848                I2C1_EV_IRQHandler
 .text.I2C2_EV_IRQHandler
                0x08003854        0xc ../../lib/libDaisy/build/libdaisy.a(i2c.o)
                0x08003854                I2C2_EV_IRQHandler
 .text.I2C3_EV_IRQHandler
                0x08003860        0xc ../../lib/libDaisy/build/libdaisy.a(i2c.o)
                0x08003860                I2C3_EV_IRQHandler
 .text.startup._GLOBAL__sub_I__ZN5daisy9I2CHandle4Impl10GlobalInitEv
                0x0800386c       0x18 ../../lib/libDaisy/build/libdaisy.a(i2c.o)
 .text._ZN5daisy9SpiHandle4Impl7InitDmaEv
                0x08003884       0xf4 ../../lib/libDaisy/build/libdaisy.a(spi.o)
                0x08003884                daisy::SpiHandle::Impl::InitDma()
 .text._ZN5daisy9SpiHandle4Impl10StartDmaTxEPhjPFvPvEPFvS3_NS0_6ResultEES3_
                0x08003978       0x88 ../../lib/libDaisy/build/libdaisy.a(spi.o)
                0x08003978                daisy::SpiHandle::Impl::StartDmaTx(unsigned char*, unsigned int, void (*)(void*), void (*)(void*, daisy::SpiHandle::Result), void*)
 .text._ZN5daisy9SpiHandle4Impl10StartDmaRxEPhjPFvPvEPFvS3_NS0_6ResultEES3_
                0x08003a00       0x88 ../../lib/libDaisy/build/libdaisy.a(spi.o)
                0x08003a00                daisy::SpiHandle::Impl::StartDmaRx(unsigned char*, unsigned int, void (*)(void*), void (*)(void*, daisy::SpiHandle::Result), void*)
 .text._ZN5daisy9SpiHandle4Impl12StartDmaRxTxEPhS2_jPFvPvEPFvS3_NS0_6ResultEES3_
                0x08003a88       0x84 ../../lib/libDaisy/build/libdaisy.a(spi.o)
                0x08003a88                daisy::SpiHandle::Impl::StartDmaRxTx(unsigned char*, unsigned char*, unsigned int, void (*)(void*), void (*)(void*, daisy::SpiHandle::Result), void*)
 .text._ZN5daisy9SpiHandle4Impl8InitPinsEv
                0x08003b0c      0x238 ../../lib/libDaisy/build/libdaisy.a(spi.o)
                0x08003b0c                daisy::SpiHandle::Impl::InitPins()
 .text.HAL_SPI_MspInit
                0x08003d44      0x1a8 ../../lib/libDaisy/build/libdaisy.a(spi.o)
                0x08003d44                HAL_SPI_MspInit
 .text.SPI1_IRQHandler
                0x08003eec        0xc ../../lib/libDaisy/build/libdaisy.a(spi.o)
                0x08003eec                SPI1_IRQHandler
 .text.SPI2_IRQHandler
                0x08003ef8        0xc ../../lib/libDaisy/build/libdaisy.a(spi.o)
                0x08003ef8                SPI2_IRQHandler
 .text.SPI3_IRQHandler
                0x08003f04        0xc ../../lib/libDaisy/build/libdaisy.a(spi.o)
                0x08003f04                SPI3_IRQHandler
 .text.SPI4_IRQHandler
                0x08003f10        0xc ../../lib/libDaisy/build/libdaisy.a(spi.o)
                0x08003f10                SPI4_IRQHandler
 .text.SPI5_IRQHandler
                0x08003f1c        0xc ../../lib/libDaisy/build/libdaisy.a(spi.o)
                0x08003f1c                SPI5_IRQHandler
 .text.DMA2_Stream2_IRQHandler
                0x08003f28       0x40 ../../lib/libDaisy/build/libdaisy.a(spi.o)
                0x08003f28                DMA2_Stream2_IRQHandler
 .text.DMA2_Stream3_IRQHandler
                0x08003f68       0x40 ../../lib/libDaisy/build/libdaisy.a(spi.o)
                0x08003f68                DMA2_Stream3_IRQHandler
 .text.HAL_SPI_TxCpltCallback
                0x08003fa8       0xc0 ../../lib/libDaisy/build/libdaisy.a(spi.o)
                0x08003fa8                HAL_SPI_TxCpltCallback
 .text.HAL_SPI_RxCpltCallback
                0x08004068       0xc0 ../../lib/libDaisy/build/libdaisy.a(spi.o)
                0x08004068                HAL_SPI_RxCpltCallback
 .text.HAL_SPI_TxRxCpltCallback
                0x08004128       0xc0 ../../lib/libDaisy/build/libdaisy.a(spi.o)
                0x08004128                HAL_SPI_TxRxCpltCallback
 .text.HAL_SPI_ErrorCallback
                0x080041e8       0xc8 ../../lib/libDaisy/build/libdaisy.a(spi.o)
                0x080041e8                HAL_SPI_ErrorCallback
 .text.startup._GLOBAL__sub_I__Z19MapInstanceToHandleP11SPI_TypeDef
                0x080042b0      0x1cc ../../lib/libDaisy/build/libdaisy.a(spi.o)
 .text.HAL_TIM_PeriodElapsedCallback
                0x0800447c       0x44 ../../lib/libDaisy/build/libdaisy.a(tim.o)
                0x0800447c                HAL_TIM_PeriodElapsedCallback
 .text.TIM2_IRQHandler
                0x080044c0        0xc ../../lib/libDaisy/build/libdaisy.a(tim.o)
                0x080044c0                TIM2_IRQHandler
 .text.TIM3_IRQHandler
                0x080044cc        0xc ../../lib/libDaisy/build/libdaisy.a(tim.o)
                0x080044cc                TIM3_IRQHandler
 .text.TIM4_IRQHandler
                0x080044d8        0xc ../../lib/libDaisy/build/libdaisy.a(tim.o)
                0x080044d8                TIM4_IRQHandler
 .text.TIM5_IRQHandler
                0x080044e4        0xc ../../lib/libDaisy/build/libdaisy.a(tim.o)
                0x080044e4                TIM5_IRQHandler
 .text.startup._GLOBAL__sub_I__ZN5daisy11TimerHandle4Impl4InitERKNS0_6ConfigE
                0x080044f0       0x44 ../../lib/libDaisy/build/libdaisy.a(tim.o)
 .text._ZL20UART_CheckRxListenerPN5daisy11UartHandler4ImplE
                0x08004534       0x88 ../../lib/libDaisy/build/libdaisy.a(uart.o)
 .text._ZN5daisy11UartHandler4Impl10StartDmaTxEPhjPFvPvEPFvS3_NS0_6ResultEES3_
                0x080045bc      0x16c ../../lib/libDaisy/build/libdaisy.a(uart.o)
                0x080045bc                daisy::UartHandler::Impl::StartDmaTx(unsigned char*, unsigned int, void (*)(void*), void (*)(void*, daisy::UartHandler::Result), void*)
 .text._ZN5daisy11UartHandler4Impl10StartDmaRxEPhjPFvPvEPFvS3_NS0_6ResultEES3_
                0x08004728      0x16c ../../lib/libDaisy/build/libdaisy.a(uart.o)
                0x08004728                daisy::UartHandler::Impl::StartDmaRx(unsigned char*, unsigned int, void (*)(void*), void (*)(void*, daisy::UartHandler::Result), void*)
 .text._ZN5daisy11UartHandler4Impl19DmaTransferFinishedEP20__UART_HandleTypeDefNS0_6ResultE
                0x08004894       0xbc ../../lib/libDaisy/build/libdaisy.a(uart.o)
                0x08004894                daisy::UartHandler::Impl::DmaTransferFinished(__UART_HandleTypeDef*, daisy::UartHandler::Result)
 .text._ZN5daisy11UartHandler4Impl8InitPinsEv
                0x08004950      0x174 ../../lib/libDaisy/build/libdaisy.a(uart.o)
                0x08004950                daisy::UartHandler::Impl::InitPins()
 .text.HAL_UART_MspInit
                0x08004ac4      0x214 ../../lib/libDaisy/build/libdaisy.a(uart.o)
                0x08004ac4                HAL_UART_MspInit
 .text.USART1_IRQHandler
                0x08004cd8       0x30 ../../lib/libDaisy/build/libdaisy.a(uart.o)
                0x08004cd8                USART1_IRQHandler
 .text.USART2_IRQHandler
                0x08004d08       0x38 ../../lib/libDaisy/build/libdaisy.a(uart.o)
                0x08004d08                USART2_IRQHandler
 .text.USART3_IRQHandler
                0x08004d40       0x38 ../../lib/libDaisy/build/libdaisy.a(uart.o)
                0x08004d40                USART3_IRQHandler
 .text.UART4_IRQHandler
                0x08004d78       0x38 ../../lib/libDaisy/build/libdaisy.a(uart.o)
                0x08004d78                UART4_IRQHandler
 .text.UART5_IRQHandler
                0x08004db0       0x38 ../../lib/libDaisy/build/libdaisy.a(uart.o)
                0x08004db0                UART5_IRQHandler
 .text.USART6_IRQHandler
                0x08004de8       0x38 ../../lib/libDaisy/build/libdaisy.a(uart.o)
                0x08004de8                USART6_IRQHandler
 .text.UART7_IRQHandler
                0x08004e20       0x38 ../../lib/libDaisy/build/libdaisy.a(uart.o)
                0x08004e20                UART7_IRQHandler
 .text.UART8_IRQHandler
                0x08004e58       0x38 ../../lib/libDaisy/build/libdaisy.a(uart.o)
                0x08004e58                UART8_IRQHandler
 .text.LPUART1_IRQHandler
                0x08004e90       0x38 ../../lib/libDaisy/build/libdaisy.a(uart.o)
                0x08004e90                LPUART1_IRQHandler
 .text.DMA1_Stream5_IRQHandler
                0x08004ec8       0x40 ../../lib/libDaisy/build/libdaisy.a(uart.o)
                0x08004ec8                DMA1_Stream5_IRQHandler
 .text.DMA2_Stream4_IRQHandler
                0x08004f08       0x40 ../../lib/libDaisy/build/libdaisy.a(uart.o)
                0x08004f08                DMA2_Stream4_IRQHandler
 .text.HAL_UART_TxCpltCallback
                0x08004f48        0x8 ../../lib/libDaisy/build/libdaisy.a(uart.o)
                0x08004f48                HAL_UART_TxCpltCallback
 .text.HAL_UART_RxCpltCallback
                0x08004f50       0x94 ../../lib/libDaisy/build/libdaisy.a(uart.o)
                0x08004f50                HAL_UART_RxCpltCallback
 .text.HAL_UART_RxHalfCpltCallback
                0x08004fe4       0x90 ../../lib/libDaisy/build/libdaisy.a(uart.o)
                0x08004fe4                HAL_UART_RxHalfCpltCallback
 .text.HAL_UART_ErrorCallback
                0x08005074        0x8 ../../lib/libDaisy/build/libdaisy.a(uart.o)
                0x08005074                HAL_UART_ErrorCallback
 *fill*         0x0800507c        0x4 
 .text.startup._GLOBAL__sub_I__Z19MapInstanceToHandleP13USART_TypeDef
                0x08005080      0x1bc ../../lib/libDaisy/build/libdaisy.a(uart.o)
 .text.dsy_dma_invalidate_cache_for_buffer
                0x0800523c       0x2c ../../lib/libDaisy/build/libdaisy.a(dma.o)
                0x0800523c                dsy_dma_invalidate_cache_for_buffer
 .text.dsy_hal_map_get_port
                0x08005268       0x10 ../../lib/libDaisy/build/libdaisy.a(hal_map.o)
                0x08005268                dsy_hal_map_get_port
 .text.dsy_hal_map_get_pin
                0x08005278       0x10 ../../lib/libDaisy/build/libdaisy.a(hal_map.o)
                0x08005278                dsy_hal_map_get_pin
 .text.dsy_hal_map_gpio_clk_enable
                0x08005288      0x150 ../../lib/libDaisy/build/libdaisy.a(hal_map.o)
                0x08005288                dsy_hal_map_gpio_clk_enable
 .text.DMA_CalcBaseAndBitshift
                0x080053d8       0xfc ../../lib/libDaisy/build/libdaisy.a(stm32h7xx_hal_dma.o)
 .text.DMA_CalcDMAMUXChannelBaseAndMask
                0x080054d4       0xe0 ../../lib/libDaisy/build/libdaisy.a(stm32h7xx_hal_dma.o)
 .text.HAL_DMA_Init
                0x080055b4      0x338 ../../lib/libDaisy/build/libdaisy.a(stm32h7xx_hal_dma.o)
                0x080055b4                HAL_DMA_Init
 .text.HAL_DMA_Start_IT
                0x080058ec      0x280 ../../lib/libDaisy/build/libdaisy.a(stm32h7xx_hal_dma.o)
                0x080058ec                HAL_DMA_Start_IT
 .text.HAL_DMA_Abort_IT
                0x08005b6c       0xf4 ../../lib/libDaisy/build/libdaisy.a(stm32h7xx_hal_dma.o)
                0x08005b6c                HAL_DMA_Abort_IT
 .text.HAL_DMA_IRQHandler
                0x08005c60      0x6bc ../../lib/libDaisy/build/libdaisy.a(stm32h7xx_hal_dma.o)
                0x08005c60                HAL_DMA_IRQHandler
 .text.HAL_DMA_GetError
                0x0800631c        0x4 ../../lib/libDaisy/build/libdaisy.a(stm32h7xx_hal_dma.o)
                0x0800631c                HAL_DMA_GetError
 .text.HAL_I2C_EV_IRQHandler
                0x08006320       0x1c ../../lib/libDaisy/build/libdaisy.a(stm32h7xx_hal_i2c.o)
                0x08006320                HAL_I2C_EV_IRQHandler
 .text.SPI_CloseTransfer
                0x0800633c       0xc0 ../../lib/libDaisy/build/libdaisy.a(stm32h7xx_hal_spi.o)
 .text.HAL_SPI_Init
                0x080063fc      0x180 ../../lib/libDaisy/build/libdaisy.a(stm32h7xx_hal_spi.o)
                0x080063fc                HAL_SPI_Init
 .text.HAL_SPI_Transmit_DMA
                0x0800657c      0x158 ../../lib/libDaisy/build/libdaisy.a(stm32h7xx_hal_spi.o)
                0x0800657c                HAL_SPI_Transmit_DMA
 .text.HAL_SPI_TransmitReceive_DMA
                0x080066d4      0x1f4 ../../lib/libDaisy/build/libdaisy.a(stm32h7xx_hal_spi.o)
                0x080066d4                HAL_SPI_TransmitReceive_DMA
 .text.HAL_SPI_Receive_DMA
                0x080068c8      0x18c ../../lib/libDaisy/build/libdaisy.a(stm32h7xx_hal_spi.o)
                0x080068c8                HAL_SPI_Receive_DMA
 .text.SPI_DMATransmitCplt
                0x08006a54       0x28 ../../lib/libDaisy/build/libdaisy.a(stm32h7xx_hal_spi.o)
 .text.SPI_DMAReceiveCplt
                0x08006a7c       0x28 ../../lib/libDaisy/build/libdaisy.a(stm32h7xx_hal_spi.o)
 .text.SPI_DMATransmitReceiveCplt
                0x08006aa4       0x28 ../../lib/libDaisy/build/libdaisy.a(stm32h7xx_hal_spi.o)
 .text.HAL_SPI_TxHalfCpltCallback
                0x08006acc        0x4 ../../lib/libDaisy/build/libdaisy.a(stm32h7xx_hal_spi.o)
                0x08006acc                HAL_SPI_TxHalfCpltCallback
 .text.SPI_DMAHalfTransmitCplt
                0x08006ad0        0xc ../../lib/libDaisy/build/libdaisy.a(stm32h7xx_hal_spi.o)
 .text.HAL_SPI_RxHalfCpltCallback
                0x08006adc        0x4 ../../lib/libDaisy/build/libdaisy.a(stm32h7xx_hal_spi.o)
                0x08006adc                HAL_SPI_RxHalfCpltCallback
 .text.SPI_DMAHalfReceiveCplt
                0x08006ae0        0xc ../../lib/libDaisy/build/libdaisy.a(stm32h7xx_hal_spi.o)
 .text.HAL_SPI_TxRxHalfCpltCallback
                0x08006aec        0x4 ../../lib/libDaisy/build/libdaisy.a(stm32h7xx_hal_spi.o)
                0x08006aec                HAL_SPI_TxRxHalfCpltCallback
 .text.SPI_DMAHalfTransmitReceiveCplt
                0x08006af0        0xc ../../lib/libDaisy/build/libdaisy.a(stm32h7xx_hal_spi.o)
 .text.SPI_DMAError
                0x08006afc       0xd8 ../../lib/libDaisy/build/libdaisy.a(stm32h7xx_hal_spi.o)
 .text.HAL_SPI_IRQHandler
                0x08006bd4      0x2b0 ../../lib/libDaisy/build/libdaisy.a(stm32h7xx_hal_spi.o)
                0x08006bd4                HAL_SPI_IRQHandler
 .text.SPI_DMAAbortOnError
                0x08006e84       0x1c ../../lib/libDaisy/build/libdaisy.a(stm32h7xx_hal_spi.o)
 .text.HAL_SPI_GetState
                0x08006ea0        0x8 ../../lib/libDaisy/build/libdaisy.a(stm32h7xx_hal_spi.o)
                0x08006ea0                HAL_SPI_GetState
 .text.HAL_TIM_OC_DelayElapsedCallback
                0x08006ea8        0x4 ../../lib/libDaisy/build/libdaisy.a(stm32h7xx_hal_tim.o)
                0x08006ea8                HAL_TIM_OC_DelayElapsedCallback
 .text.HAL_TIM_IC_CaptureCallback
                0x08006eac        0x4 ../../lib/libDaisy/build/libdaisy.a(stm32h7xx_hal_tim.o)
                0x08006eac                HAL_TIM_IC_CaptureCallback
 .text.HAL_TIM_PWM_PulseFinishedCallback
                0x08006eb0        0x4 ../../lib/libDaisy/build/libdaisy.a(stm32h7xx_hal_tim.o)
                0x08006eb0                HAL_TIM_PWM_PulseFinishedCallback
 .text.HAL_TIM_TriggerCallback
                0x08006eb4        0x4 ../../lib/libDaisy/build/libdaisy.a(stm32h7xx_hal_tim.o)
                0x08006eb4                HAL_TIM_TriggerCallback
 .text.HAL_TIM_IRQHandler
                0x08006eb8      0x170 ../../lib/libDaisy/build/libdaisy.a(stm32h7xx_hal_tim.o)
                0x08006eb8                HAL_TIM_IRQHandler
 .text.HAL_TIMEx_CommutCallback
                0x08007028        0x4 ../../lib/libDaisy/build/libdaisy.a(stm32h7xx_hal_tim_ex.o)
                0x08007028                HAL_TIMEx_CommutCallback
 .text.HAL_TIMEx_BreakCallback
                0x0800702c        0x4 ../../lib/libDaisy/build/libdaisy.a(stm32h7xx_hal_tim_ex.o)
                0x0800702c                HAL_TIMEx_BreakCallback
 .text.HAL_TIMEx_Break2Callback
                0x08007030        0x4 ../../lib/libDaisy/build/libdaisy.a(stm32h7xx_hal_tim_ex.o)
                0x08007030                HAL_TIMEx_Break2Callback
 .text.HAL_UART_Transmit_DMA
                0x08007034       0x98 ../../lib/libDaisy/build/libdaisy.a(stm32h7xx_hal_uart.o)
                0x08007034                HAL_UART_Transmit_DMA
 .text.HAL_UART_Receive_DMA
                0x080070cc       0xa4 ../../lib/libDaisy/build/libdaisy.a(stm32h7xx_hal_uart.o)
                0x080070cc                HAL_UART_Receive_DMA
 .text.UART_DMATransmitCplt
                0x08007170       0x2c ../../lib/libDaisy/build/libdaisy.a(stm32h7xx_hal_uart.o)
 .text.HAL_UART_TxHalfCpltCallback
                0x0800719c        0x4 ../../lib/libDaisy/build/libdaisy.a(stm32h7xx_hal_uart.o)
                0x0800719c                HAL_UART_TxHalfCpltCallback
 .text.UART_DMATxHalfCplt
                0x080071a0        0xc ../../lib/libDaisy/build/libdaisy.a(stm32h7xx_hal_uart.o)
 .text.UART_DMAReceiveCplt
                0x080071ac       0x38 ../../lib/libDaisy/build/libdaisy.a(stm32h7xx_hal_uart.o)
 .text.UART_DMARxHalfCplt
                0x080071e4        0xc ../../lib/libDaisy/build/libdaisy.a(stm32h7xx_hal_uart.o)
 .text.UART_DMAError
                0x080071f0       0x80 ../../lib/libDaisy/build/libdaisy.a(stm32h7xx_hal_uart.o)
 .text.HAL_UART_IRQHandler
                0x08007270      0x234 ../../lib/libDaisy/build/libdaisy.a(stm32h7xx_hal_uart.o)
                0x08007270                HAL_UART_IRQHandler
 .text.UART_DMAAbortOnError
                0x080074a4       0x14 ../../lib/libDaisy/build/libdaisy.a(stm32h7xx_hal_uart.o)
 .text.HAL_UART_GetState
                0x080074b8        0xc ../../lib/libDaisy/build/libdaisy.a(stm32h7xx_hal_uart.o)
                0x080074b8                HAL_UART_GetState
 .text.UART_SetConfig
                0x080074c4      0x8b8 ../../lib/libDaisy/build/libdaisy.a(stm32h7xx_hal_uart.o)
                0x080074c4                UART_SetConfig
 .text.UART_AdvFeatureConfig
                0x08007d7c       0xb0 ../../lib/libDaisy/build/libdaisy.a(stm32h7xx_hal_uart.o)
                0x08007d7c                UART_AdvFeatureConfig
 .text.UART_CheckIdleState
                0x08007e2c       0x80 ../../lib/libDaisy/build/libdaisy.a(stm32h7xx_hal_uart.o)
                0x08007e2c                UART_CheckIdleState
 .text.HAL_UART_Init
                0x08007eac       0x68 ../../lib/libDaisy/build/libdaisy.a(stm32h7xx_hal_uart.o)
                0x08007eac                HAL_UART_Init
 .text.HAL_UARTEx_WakeupCallback
                0x08007f14        0x4 ../../lib/libDaisy/build/libdaisy.a(stm32h7xx_hal_uart_ex.o)
                0x08007f14                HAL_UARTEx_WakeupCallback
 .text.HAL_UARTEx_RxFifoFullCallback
                0x08007f18        0x4 ../../lib/libDaisy/build/libdaisy.a(stm32h7xx_hal_uart_ex.o)
                0x08007f18                HAL_UARTEx_RxFifoFullCallback
 .text.HAL_UARTEx_TxFifoEmptyCallback
                0x08007f1c        0x4 ../../lib/libDaisy/build/libdaisy.a(stm32h7xx_hal_uart_ex.o)
                0x08007f1c                HAL_UARTEx_TxFifoEmptyCallback
 .text.memset   0x08007f20       0x10 /usr/lib/gcc/arm-none-eabi/15.2.0/../../../../arm-none-eabi/lib/thumb/v7e-m+dp/hard/libc_nano.a(libc_a-memset.o)
                0x08007f20                memset
 .text.__libc_init_array
                0x08007f30       0x48 /usr/lib/gcc/arm-none-eabi/15.2.0/../../../../arm-none-eabi/lib/thumb/v7e-m+dp/hard/libc_nano.a(libc_a-init.o)
                0x08007f30                __libc_init_array
 .text.memcpy   0x08007f78       0x1c /usr/lib/gcc/arm-none-eabi/15.2.0/../../../../arm-none-eabi/lib/thumb/v7e-m+dp/hard/libc_nano.a(libc_a-memcpy-stub.o)
                0x08007f78                memcpy
 *(.rodata)
 .rodata        0x08007f94       0x12 ../../lib/libDaisy/build/libdaisy.a(uart.o)
 *(.rodata*)
 *fill*         0x08007fa6        0x2 
 .rodata.D1CorePrescTable
                0x08007fa8       0x10 ../../lib/libDaisy/build/libdaisy.a(system_stm32h7xx.o)
                0x08007fa8                D1CorePrescTable
 .rodata._ZL16pins_periphs_spi
                0x08007fb8       0x60 ../../lib/libDaisy/build/libdaisy.a(spi.o)
 .rodata._ZL13pins_none_spi
                0x08008018        0x3 ../../lib/libDaisy/build/libdaisy.a(spi.o)
 *fill*         0x0800801b        0x1 
 .rodata.gpio_hal_pin_map
                0x0800801c       0x20 ../../lib/libDaisy/build/libdaisy.a(hal_map.o)
 .rodata.gpio_hal_port_map
                0x0800803c       0x30 ../../lib/libDaisy/build/libdaisy.a(hal_map.o)
 .rodata.flagBitshiftOffset.0
                0x0800806c        0x8 ../../lib/libDaisy/build/libdaisy.a(stm32h7xx_hal_dma.o)
 *fill*         0x08008074        0x4 
 .rodata.CSWTCH.95
                0x08008078       0x58 ../../lib/libDaisy/build/libdaisy.a(stm32h7xx_hal_uart.o)
 .rodata.CSWTCH.88
                0x080080d0       0x2c ../../lib/libDaisy/build/libdaisy.a(stm32h7xx_hal_uart.o)
 *(.glue_7)
 .glue_7        0x080080fc        0x0 linker stubs
 *(.glue_7t)
 .glue_7t       0x080080fc        0x0 linker stubs
 *(.init)
 .init          0x080080fc        0x4 /usr/lib/gcc/arm-none-eabi/15.2.0/thumb/v7e-m+dp/hard/crti.o
                0x080080fc                _init
 .init          0x08008100        0x8 /usr/lib/gcc/arm-none-eabi/15.2.0/thumb/v7e-m+dp/hard/crtn.o
 *(.fini)
 .fini          0x08008108        0x4 /usr/lib/gcc/arm-none-eabi/15.2.0/thumb/v7e-m+dp/hard/crti.o
                0x08008108                _fini
 .fini          0x0800810c        0x8 /usr/lib/gcc/arm-none-eabi/15.2.0/thumb/v7e-m+dp/hard/crtn.o
                0x08008114                        . = ALIGN (0x4)
                0x08008114                        _etext = .

.eh_frame       0x08008114        0x0
 .eh_frame      0x08008114        0x0 /usr/lib/gcc/arm-none-eabi/15.2.0/thumb/v7e-m+dp/hard/crtbegin.o

.vfp11_veneer   0x08008114        0x0
 .vfp11_veneer  0x08008114        0x0 linker stubs

.v4_bx          0x08008114        0x0
 .v4_bx         0x08008114        0x0 linker stubs

.iplt           0x08008114        0x0
 .iplt          0x08008114        0x0 /usr/lib/gcc/arm-none-eabi/15.2.0/thumb/v7e-m+dp/hard/crtbegin.o

.ARM.extab      0x08008114        0x0
                0x08008114                        . = ALIGN (0x4)
 *(.ARM.extab)
 *(.gnu.linkonce.armextab.*)
                0x08008114                        . = ALIGN (0x4)

.exidx          0x08008114        0x8
                0x08008114                        . = ALIGN (0x4)
                [!provide]                        PROVIDE (__exidx_start = .)
 *(.ARM.exidx*)
 .ARM.exidx     0x08008114        0x8 /usr/lib/gcc/arm-none-eabi/15.2.0/thumb/v7e-m+dp/hard/libgcc.a(_udivmoddi4.o)
                0x0800811c                        . = ALIGN (0x4)
                [!provide]                        PROVIDE (__exidx_end = .)

.rel.dyn        0x0800811c        0x0
 .rel.iplt      0x0800811c        0x0 /usr/lib/gcc/arm-none-eabi/15.2.0/thumb/v7e-m+dp/hard/crtbegin.o

.ARM.attributes
                0x0800811c       0x2e
 *(.ARM.attributes)
 .ARM.attributes
                0x0800811c       0x20 /usr/lib/gcc/arm-none-eabi/15.2.0/thumb/v7e-m+dp/hard/crti.o
 .ARM.attributes
                0x0800813c       0x32 /usr/lib/gcc/arm-none-eabi/15.2.0/thumb/v7e-m+dp/hard/crtbegin.o
 .ARM.attributes
                0x0800816e       0x32 build/startup_stm32h750xx.o
 .ARM.attributes
                0x080081a0       0x32 ../../lib/libDaisy/build/libdaisy.a(system.o)
 .ARM.attributes
                0x080081d2       0x32 ../../lib/libDaisy/build/libdaisy.a(system_stm32h7xx.o)
 .ARM.attributes
                0x08008204       0x32 ../../lib/libDaisy/build/libdaisy.a(usbd_conf.o)
 .ARM.attributes
                0x08008236       0x32 ../../lib/libDaisy/build/libdaisy.a(usbh_conf.o)
 .ARM.attributes
                0x08008268       0x32 ../../lib/libDaisy/build/libdaisy.a(stm32h7xx_hal.o)
 .ARM.attributes
                0x0800829a       0x32 ../../lib/libDaisy/build/libdaisy.a(stm32h7xx_hal_cortex.o)
 .ARM.attributes
                0x080082cc       0x32 ../../lib/libDaisy/build/libdaisy.a(stm32h7xx_hal_gpio.o)
 .ARM.attributes
                0x080082fe       0x32 ../../lib/libDaisy/build/libdaisy.a(stm32h7xx_hal_hcd.o)
 .ARM.attributes
                0x08008330       0x32 ../../lib/libDaisy/build/libdaisy.a(stm32h7xx_hal_pcd.o)
 .ARM.attributes
                0x08008362       0x32 ../../lib/libDaisy/build/libdaisy.a(stm32h7xx_hal_pcd_ex.o)
 .ARM.attributes
                0x08008394       0x32 ../../lib/libDaisy/build/libdaisy.a(stm32h7xx_hal_rcc.o)
 .ARM.attributes
                0x080083c6       0x32 ../../lib/libDaisy/build/libdaisy.a(stm32h7xx_hal_rcc_ex.o)
 .ARM.attributes
                0x080083f8       0x32 ../../lib/libDaisy/build/libdaisy.a(stm32h7xx_ll_usb.o)
 .ARM.attributes
                0x0800842a       0x32 ../../lib/libDaisy/build/libdaisy.a(usbd_core.o)
 .ARM.attributes
                0x0800845c       0x32 ../../lib/libDaisy/build/libdaisy.a(usbd_ctlreq.o)
 .ARM.attributes
                0x0800848e       0x32 ../../lib/libDaisy/build/libdaisy.a(usbd_ioreq.o)
 .ARM.attributes
                0x080084c0       0x32 ../../lib/libDaisy/build/libdaisy.a(usbh_core.o)
 .ARM.attributes
                0x080084f2       0x32 ../../lib/libDaisy/build/libdaisy.a(usbh_pipes.o)
 .ARM.attributes
                0x08008524       0x32 ../../lib/libDaisy/build/libdaisy.a(i2c.o)
 .ARM.attributes
                0x08008556       0x32 ../../lib/libDaisy/build/libdaisy.a(spi.o)
 .ARM.attributes
                0x08008588       0x32 ../../lib/libDaisy/build/libdaisy.a(tim.o)
 .ARM.attributes
                0x080085ba       0x32 ../../lib/libDaisy/build/libdaisy.a(uart.o)
 .ARM.attributes
                0x080085ec       0x32 ../../lib/libDaisy/build/libdaisy.a(dma.o)
 .ARM.attributes
                0x0800861e       0x32 ../../lib/libDaisy/build/libdaisy.a(hal_map.o)
 .ARM.attributes
                0x08008650       0x32 ../../lib/libDaisy/build/libdaisy.a(stm32h7xx_hal_dma.o)
 .ARM.attributes
                0x08008682       0x32 ../../lib/libDaisy/build/libdaisy.a(stm32h7xx_hal_i2c.o)
 .ARM.attributes
                0x080086b4       0x32 ../../lib/libDaisy/build/libdaisy.a(stm32h7xx_hal_spi.o)
 .ARM.attributes
                0x080086e6       0x32 ../../lib/libDaisy/build/libdaisy.a(stm32h7xx_hal_tim.o)
 .ARM.attributes
                0x08008718       0x32 ../../lib/libDaisy/build/libdaisy.a(stm32h7xx_hal_tim_ex.o)
 .ARM.attributes
                0x0800874a       0x32 ../../lib/libDaisy/build/libdaisy.a(stm32h7xx_hal_uart.o)
 .ARM.attributes
                0x0800877c       0x32 ../../lib/libDaisy/build/libdaisy.a(stm32h7xx_hal_uart_ex.o)
 .ARM.attributes
                0x080087ae       0x32 /usr/lib/gcc/arm-none-eabi/15.2.0/../../../../arm-none-eabi/lib/thumb/v7e-m+dp/hard/libc_nano.a(libc_a-memset.o)
 .ARM.attributes
                0x080087e0       0x32 /usr/lib/gcc/arm-none-eabi/15.2.0/../../../../arm-none-eabi/lib/thumb/v7e-m+dp/hard/libc_nano.a(libc_a-init.o)
 .ARM.attributes
                0x08008812       0x32 /usr/lib/gcc/arm-none-eabi/15.2.0/../../../../arm-none-eabi/lib/thumb/v7e-m+dp/hard/libc_nano.a(libc_a-memcpy-stub.o)
 .ARM.attributes
                0x08008844       0x20 /usr/lib/gcc/arm-none-eabi/15.2.0/thumb/v7e-m+dp/hard/libgcc.a(_aeabi_uldivmod.o)
 .ARM.attributes
                0x08008864       0x32 /usr/lib/gcc/arm-none-eabi/15.2.0/thumb/v7e-m+dp/hard/libgcc.a(_udivmoddi4.o)
 .ARM.attributes
                0x08008896       0x20 /usr/lib/gcc/arm-none-eabi/15.2.0/thumb/v7e-m+dp/hard/libgcc.a(_dvmd_tls.o)
 .ARM.attributes
                0x080088b6       0x32 /usr/lib/gcc/arm-none-eabi/15.2.0/thumb/v7e-m+dp/hard/crtend.o
 .ARM.attributes
                0x080088e8       0x20 /usr/lib/gcc/arm-none-eabi/15.2.0/thumb/v7e-m+dp/hard/crtn.o

.preinit_array  0x0800811c        0x0
                0x0800811c                        PROVIDE (__preinit_array_start = .)
 *(.preinit_array*)
                0x0800811c                        PROVIDE (__preinit_array_end = .)

.init_array     0x0800811c       0x18
                0x0800811c                        PROVIDE (__init_array_start = .)
 *(SORT_BY_NAME(.init_array.*))
 *(.init_array*)
 .init_array    0x0800811c        0x4 /usr/lib/gcc/arm-none-eabi/15.2.0/thumb/v7e-m+dp/hard/crtbegin.o
 .init_array    0x08008120        0x4 ../../lib/libDaisy/build/libdaisy.a(system.o)
 .init_array    0x08008124        0x4 ../../lib/libDaisy/build/libdaisy.a(i2c.o)
 .init_array    0x08008128        0x4 ../../lib/libDaisy/build/libdaisy.a(spi.o)
 .init_array    0x0800812c        0x4 ../../lib/libDaisy/build/libdaisy.a(tim.o)
 .init_array    0x08008130        0x4 ../../lib/libDaisy/build/libdaisy.a(uart.o)
                0x08008134                        PROVIDE (__init_array_end = .)

.fini_array     0x08008134        0x4
                0x08008134                        PROVIDE (__fini_array_start = .)
 *(.fini_array*)
 .fini_array    0x08008134        0x4 /usr/lib/gcc/arm-none-eabi/15.2.0/thumb/v7e-m+dp/hard/crtbegin.o
 *(SORT_BY_NAME(.fini_array.*))
                0x08008138                        PROVIDE (__fini_array_end = .)

.data           0x24000000      0x330 load address 0x08008138
                0x24000000                        . = ALIGN (0x4)
                0x24000000                        _sdata = .
                [!provide]                        PROVIDE (__data_start__ = _sdata)
 *(.data)
 *(.data*)
 .data.SystemD2Clock
                0x24000000        0x4 ../../lib/libDaisy/build/libdaisy.a(system_stm32h7xx.o)
                0x24000000                SystemD2Clock
 .data.SystemCoreClock
                0x24000004        0x4 ../../lib/libDaisy/build/libdaisy.a(system_stm32h7xx.o)
                0x24000004                SystemCoreClock
 .data.uwTickFreq
                0x24000008        0x1 ../../lib/libDaisy/build/libdaisy.a(stm32h7xx_hal.o)
 *fill*         0x24000009        0x7 
 .data._ZN5daisy9SpiHandle4Impl21queued_dma_transfers_E
                0x24000010       0x70 ../../lib/libDaisy/build/libdaisy.a(spi.o)
                0x24000010                daisy::SpiHandle::Impl::queued_dma_transfers_
 .data._ZL13spi6_pins_nss
                0x24000080        0x9 ../../lib/libDaisy/build/libdaisy.a(spi.o)
 *fill*         0x24000089        0x3 
 .data._ZL14spi6_pins_mosi
                0x2400008c        0x9 ../../lib/libDaisy/build/libdaisy.a(spi.o)
 *fill*         0x24000095        0x3 
 .data._ZL14spi6_pins_miso
                0x24000098        0x9 ../../lib/libDaisy/build/libdaisy.a(spi.o)
 *fill*         0x240000a1        0x3 
 .data._ZL14spi6_pins_sclk
                0x240000a4        0x9 ../../lib/libDaisy/build/libdaisy.a(spi.o)
 *fill*         0x240000ad        0x3 
 .data._ZL13spi3_pins_nss
                0x240000b0        0x9 ../../lib/libDaisy/build/libdaisy.a(spi.o)
 *fill*         0x240000b9        0x3 
 .data._ZL14spi3_pins_mosi
                0x240000bc        0x9 ../../lib/libDaisy/build/libdaisy.a(spi.o)
 *fill*         0x240000c5        0x3 
 .data._ZL14spi3_pins_miso
                0x240000c8        0x9 ../../lib/libDaisy/build/libdaisy.a(spi.o)
 *fill*         0x240000d1        0x3 
 .data._ZL14spi3_pins_sclk
                0x240000d4        0x9 ../../lib/libDaisy/build/libdaisy.a(spi.o)
 *fill*         0x240000dd        0x3 
 .data._ZL13spi2_pins_nss
                0x240000e0        0x9 ../../lib/libDaisy/build/libdaisy.a(spi.o)
 *fill*         0x240000e9        0x3 
 .data._ZL14spi2_pins_mosi
                0x240000ec        0x9 ../../lib/libDaisy/build/libdaisy.a(spi.o)
 *fill*         0x240000f5        0x3 
 .data._ZL14spi2_pins_miso
                0x240000f8        0x9 ../../lib/libDaisy/build/libdaisy.a(spi.o)
 *fill*         0x24000101        0x3 
 .data._ZL14spi2_pins_sclk
                0x24000104        0x9 ../../lib/libDaisy/build/libdaisy.a(spi.o)
 *fill*         0x2400010d        0x3 
 .data._ZL13spi1_pins_nss
                0x24000110        0x9 ../../lib/libDaisy/build/libdaisy.a(spi.o)
 *fill*         0x24000119        0x3 
 .data._ZL14spi1_pins_mosi
                0x2400011c        0x9 ../../lib/libDaisy/build/libdaisy.a(spi.o)
 *fill*         0x24000125        0x3 
 .data._ZL14spi1_pins_miso
                0x24000128        0x9 ../../lib/libDaisy/build/libdaisy.a(spi.o)
 *fill*         0x24000131        0x3 
 .data._ZL14spi1_pins_sclk
                0x24000134        0x9 ../../lib/libDaisy/build/libdaisy.a(spi.o)
 *fill*         0x2400013d        0x3 
 .data._ZN5daisy11UartHandler4Impl21queued_dma_transfers_E
                0x24000140       0xfc ../../lib/libDaisy/build/libdaisy.a(uart.o)
                0x24000140                daisy::UartHandler::Impl::queued_dma_transfers_
 .data.pins_periphs
                0x2400023c       0x48 ../../lib/libDaisy/build/libdaisy.a(uart.o)
                0x2400023c                pins_periphs
 .data.lpuart1_pins_rx
                0x24000284        0x9 ../../lib/libDaisy/build/libdaisy.a(uart.o)
                0x24000284                lpuart1_pins_rx
 *fill*         0x2400028d        0x3 
 .data.lpuart1_pins_tx
                0x24000290        0x9 ../../lib/libDaisy/build/libdaisy.a(uart.o)
                0x24000290                lpuart1_pins_tx
 *fill*         0x24000299        0x3 
 .data.uart7_pins_tx
                0x2400029c        0x9 ../../lib/libDaisy/build/libdaisy.a(uart.o)
                0x2400029c                uart7_pins_tx
 *fill*         0x240002a5        0x3 
 .data.usart6_pins_rx
                0x240002a8        0x9 ../../lib/libDaisy/build/libdaisy.a(uart.o)
                0x240002a8                usart6_pins_rx
 *fill*         0x240002b1        0x3 
 .data.uart5_pins_rx
                0x240002b4        0x9 ../../lib/libDaisy/build/libdaisy.a(uart.o)
                0x240002b4                uart5_pins_rx
 *fill*         0x240002bd        0x3 
 .data.uart5_pins_tx
                0x240002c0        0x9 ../../lib/libDaisy/build/libdaisy.a(uart.o)
                0x240002c0                uart5_pins_tx
 *fill*         0x240002c9        0x3 
 .data.uart4_pins_rx
                0x240002cc        0x9 ../../lib/libDaisy/build/libdaisy.a(uart.o)
                0x240002cc                uart4_pins_rx
 *fill*         0x240002d5        0x3 
 .data.uart4_pins_tx
                0x240002d8        0x9 ../../lib/libDaisy/build/libdaisy.a(uart.o)
                0x240002d8                uart4_pins_tx
 *fill*         0x240002e1        0x3 
 .data.usart3_pins_rx
                0x240002e4        0x9 ../../lib/libDaisy/build/libdaisy.a(uart.o)
                0x240002e4                usart3_pins_rx
 *fill*         0x240002ed        0x3 
 .data.usart3_pins_tx
                0x240002f0        0x9 ../../lib/libDaisy/build/libdaisy.a(uart.o)
                0x240002f0                usart3_pins_tx
 *fill*         0x240002f9        0x3 
 .data.usart2_pins_rx
                0x240002fc        0x9 ../../lib/libDaisy/build/libdaisy.a(uart.o)
                0x240002fc                usart2_pins_rx
 *fill*         0x24000305        0x3 
 .data.usart2_pins_tx
                0x24000308        0x9 ../../lib/libDaisy/build/libdaisy.a(uart.o)
                0x24000308                usart2_pins_tx
 *fill*         0x24000311        0x3 
 .data.usart1_pins_rx
                0x24000314        0x9 ../../lib/libDaisy/build/libdaisy.a(uart.o)
                0x24000314                usart1_pins_rx
 *fill*         0x2400031d        0x3 
 .data.usart1_pins_tx
                0x24000320        0x9 ../../lib/libDaisy/build/libdaisy.a(uart.o)
                0x24000320                usart1_pins_tx
 *fill*         0x24000329        0x3 
 .data.pins_none
                0x2400032c        0x3 ../../lib/libDaisy/build/libdaisy.a(uart.o)
                0x2400032c                pins_none
                0x24000330                        . = ALIGN (0x4)
 *fill*         0x2400032f        0x1 
                0x24000330                        _edata = .
                [!provide]                        PROVIDE (__data_end__ = _edata)
                0x08008138                        _sidata = LOADADDR (.data)

.tm_clone_table
                0x24000330        0x0 load address 0x08008468
 .tm_clone_table
                0x24000330        0x0 /usr/lib/gcc/arm-none-eabi/15.2.0/thumb/v7e-m+dp/hard/crtbegin.o
 .tm_clone_table
                0x24000330        0x0 /usr/lib/gcc/arm-none-eabi/15.2.0/thumb/v7e-m+dp/hard/crtend.o

.igot.plt       0x24000330        0x0 load address 0x08008468
 .igot.plt      0x24000330        0x0 /usr/lib/gcc/arm-none-eabi/15.2.0/thumb/v7e-m+dp/hard/crtbegin.o

.bss            0x24000330     0x2558 load address 0x08008468
                0x24000330                        . = ALIGN (0x4)
                0x24000330                        _sbss = .
                0x24000330                        PROVIDE (__bss_start__ = _sbss)
 *(.bss)
 .bss           0x24000330       0x1c /usr/lib/gcc/arm-none-eabi/15.2.0/thumb/v7e-m+dp/hard/crtbegin.o
 *(.bss*)
 .bss._ZN5daisy6System4tim_E
                0x2400034c        0x4 ../../lib/libDaisy/build/libdaisy.a(system.o)
                0x2400034c                daisy::System::tim_
 .bss.hpcd_USB_OTG_HS
                0x24000350      0x408 ../../lib/libDaisy/build/libdaisy.a(usbd_conf.o)
                0x24000350                hpcd_USB_OTG_HS
 .bss.hhcd_USB_OTG_HS
                0x24000758      0x2c4 ../../lib/libDaisy/build/libdaisy.a(usbh_conf.o)
                0x24000758                hhcd_USB_OTG_HS
 .bss.uwTick    0x24000a1c        0x4 ../../lib/libDaisy/build/libdaisy.a(stm32h7xx_hal.o)
 .bss.cfgidx.0  0x24000a20        0x1 ../../lib/libDaisy/build/libdaisy.a(usbd_ctlreq.o)
 .bss._ZN5daisy9I2CHandle4Impl22dma_active_peripheral_E
                0x24000a21        0x1 ../../lib/libDaisy/build/libdaisy.a(i2c.o)
                0x24000a21                daisy::I2CHandle::Impl::dma_active_peripheral_
 *fill*         0x24000a22        0x6 
 .bss._ZN5daisyL11i2c_handlesE
                0x24000a28      0x360 ../../lib/libDaisy/build/libdaisy.a(i2c.o)
 .bss._ZN5daisy9SpiHandle4Impl22next_callback_context_E
                0x24000d88        0x4 ../../lib/libDaisy/build/libdaisy.a(spi.o)
                0x24000d88                daisy::SpiHandle::Impl::next_callback_context_
 .bss._ZN5daisy9SpiHandle4Impl18next_end_callback_E
                0x24000d8c        0x4 ../../lib/libDaisy/build/libdaisy.a(spi.o)
                0x24000d8c                daisy::SpiHandle::Impl::next_end_callback_
 .bss._ZN5daisy9SpiHandle4Impl22dma_active_peripheral_E
                0x24000d90        0x1 ../../lib/libDaisy/build/libdaisy.a(spi.o)
                0x24000d90                daisy::SpiHandle::Impl::dma_active_peripheral_
 *fill*         0x24000d91        0x3 
 .bss._ZL13spi5_pins_nss
                0x24000d94        0x9 ../../lib/libDaisy/build/libdaisy.a(spi.o)
 *fill*         0x24000d9d        0x3 
 .bss._ZL14spi5_pins_mosi
                0x24000da0        0x9 ../../lib/libDaisy/build/libdaisy.a(spi.o)
 *fill*         0x24000da9        0x3 
 .bss._ZL14spi5_pins_miso
                0x24000dac        0x9 ../../lib/libDaisy/build/libdaisy.a(spi.o)
 *fill*         0x24000db5        0x3 
 .bss._ZL14spi5_pins_sclk
                0x24000db8        0x9 ../../lib/libDaisy/build/libdaisy.a(spi.o)
 *fill*         0x24000dc1        0x3 
 .bss._ZL13spi4_pins_nss
                0x24000dc4        0x9 ../../lib/libDaisy/build/libdaisy.a(spi.o)
 *fill*         0x24000dcd        0x3 
 .bss._ZL14spi4_pins_mosi
                0x24000dd0        0x9 ../../lib/libDaisy/build/libdaisy.a(spi.o)
 *fill*         0x24000dd9        0x3 
 .bss._ZL14spi4_pins_miso
                0x24000ddc        0x9 ../../lib/libDaisy/build/libdaisy.a(spi.o)
 *fill*         0x24000de5        0x3 
 .bss._ZL14spi4_pins_sclk
                0x24000de8        0x9 ../../lib/libDaisy/build/libdaisy.a(spi.o)
 *fill*         0x24000df1        0x7 
 .bss._ZL11spi_handles
                0x24000df8      0x9c0 ../../lib/libDaisy/build/libdaisy.a(spi.o)
 .bss._ZN5daisyL11tim_handlesE
                0x240017b8      0x160 ../../lib/libDaisy/build/libdaisy.a(tim.o)
 .bss._ZN5daisy11UartHandler4Impl22next_callback_context_E
                0x24001918        0x4 ../../lib/libDaisy/build/libdaisy.a(uart.o)
                0x24001918                daisy::UartHandler::Impl::next_callback_context_
 .bss._ZN5daisy11UartHandler4Impl18next_end_callback_E
                0x2400191c        0x4 ../../lib/libDaisy/build/libdaisy.a(uart.o)
                0x2400191c                daisy::UartHandler::Impl::next_end_callback_
 .bss._ZN5daisy11UartHandler4Impl22dma_active_peripheral_E
                0x24001920        0x1 ../../lib/libDaisy/build/libdaisy.a(uart.o)
                0x24001920                daisy::UartHandler::Impl::dma_active_peripheral_
 *fill*         0x24001921        0x3 
 .bss.uart8_pins_rx
                0x24001924        0x9 ../../lib/libDaisy/build/libdaisy.a(uart.o)
                0x24001924                uart8_pins_rx
 *fill*         0x2400192d        0x3 
 .bss.uart8_pins_tx
                0x24001930        0x9 ../../lib/libDaisy/build/libdaisy.a(uart.o)
                0x24001930                uart8_pins_tx
 *fill*         0x24001939        0x3 
 .bss.uart7_pins_rx
                0x2400193c        0x9 ../../lib/libDaisy/build/libdaisy.a(uart.o)
                0x2400193c                uart7_pins_rx
 *fill*         0x24001945        0x3 
 .bss.usart6_pins_tx
                0x24001948        0x9 ../../lib/libDaisy/build/libdaisy.a(uart.o)
                0x24001948                usart6_pins_tx
 *fill*         0x24001951        0x7 
 .bss._ZL12uart_handles
                0x24001958      0xf30 ../../lib/libDaisy/build/libdaisy.a(uart.o)
 *(COMMON)
                0x24002888                        . = ALIGN (0x4)
                0x24002888                        _ebss = .
                0x24002888                        PROVIDE (__bss_end__ = _ebss)
                0x24002888                        PROVIDE (end = .)

.dtcmram_bss    0x20000000        0x0
                0x20000000                        . = ALIGN (0x4)
                0x20000000                        _sdtcmram_bss = .
                [!provide]                        PROVIDE (__dtcmram_bss_start__ = _sdtcmram_bss)
 *(.dtcmram_bss)
 *(.dtcmram_bss*)
                0x20000000                        . = ALIGN (0x4)
                0x20000000                        _edtcmram_bss = .
                [!provide]                        PROVIDE (__dtcmram_bss_end__ = _edtcmram_bss)

.sram1_bss      0x30000000        0x0
                0x30000000                        . = ALIGN (0x4)
                0x30000000                        _ssram1_bss = .
                [!provide]                        PROVIDE (__sram1_bss_start__ = _sram1_bss)
 *(.sram1_bss)
 *(.sram1_bss*)
                0x30000000                        . = ALIGN (0x4)
                0x30000000                        _esram1_bss = .
                [!provide]                        PROVIDE (__sram1_bss_end__ = _esram1_bss)

.sdram_bss      0xc0000000        0x0
                0xc0000000                        . = ALIGN (0x4)
                0xc0000000                        _ssdram_bss = .
                [!provide]                        PROVIDE (__sdram_bss_start = _ssdram_bss)
 *(.sdram_bss)
 *(.sdram_bss*)
                0xc0000000                        . = ALIGN (0x4)
                0xc0000000                        _esdram_bss = .
                [!provide]                        PROVIDE (__sdram_bss_end = _esdram_bss)

.backup_sram    0x38800000        0x0
                0x38800000                        . = ALIGN (0x4)
                0x38800000                        _sbackup_sram = .
                [!provide]                        PROVIDE (__backup_sram_start = _sbackup_sram)
 *(.backup_sram)
 *(.backup_sram*)
                0x38800000                        . = ALIGN (0x4)
                0x38800000                        _ebackup_sram = .
                [!provide]                        PROVIDE (__backup_sram_end = _ebackup_sram)

.qspiflash_text
                0x90000000        0x0
                0x90000000                        . = ALIGN (0x4)
                0x90000000                        _sqspiflash_text = .
                [!provide]                        PROVIDE (__qspiflash_text_start = _sqspiflash_text)
 *(.qspiflash_text)
 *(.qspiflash_text*)
                0x90000000                        . = ALIGN (0x4)
                0x90000000                        _eqspiflash_text = .
                [!provide]                        PROVIDE (__qspiflash_text_end = _eqspiflash_text)

.qspiflash_data
                0x90000000        0x0
                0x90000000                        . = ALIGN (0x4)
                0x90000000                        _sqspiflash_data = .
                [!provide]                        PROVIDE (__qspiflash_data_start = _sqspiflash_data)
 *(.qspiflash_data)
 *(.qspiflash_data*)
                0x90000000                        . = ALIGN (0x4)
                0x90000000                        _eqspiflash_data = .
                [!provide]                        PROVIDE (__qspiflash_data_end = _eqspiflash_data)

.qspiflash_bss  0x90000000        0x0
                0x90000000                        . = ALIGN (0x4)
                0x90000000                        _sqspiflash_bss = .
                [!provide]                        PROVIDE (__qspiflash_bss_start = _sqspiflash_bss)
 *(.qspiflash_bss)
 *(.qspiflash_bss*)
                0x90000000                        . = ALIGN (0x4)
                0x90000000                        _eqspiflash_bss = .
                [!provide]                        PROVIDE (__qspiflash_bss_end = _eqspiflash_bss)

.heap           0x24002888        0x0
                0x24002888                        . = ALIGN (0x4)
                [!provide]                        PROVIDE (__heap_start__ = .)
 *(.heap)
                0x24002888                        . = ALIGN (0x4)
                [!provide]                        PROVIDE (__heap_end__ = .)

.reserved_for_stack
                0x24002888        0x0
                0x24002888                        . = ALIGN (0x4)
                [!provide]                        PROVIDE (__reserved_for_stack_start__ = .)
 *(.reserved_for_stack)
                0x24002888                        . = ALIGN (0x4)
                [!provide]                        PROVIDE (__reserved_for_stack_end__ = .)

DISCARD
 libc.a(*)
 libm.a(*)
 libgcc.a(*)
OUTPUT(build/testEarthHexa.elf elf32-littlearm)
LOAD linker stubs
LOAD /usr/lib/gcc/arm-none-eabi/15.2.0/../../../../arm-none-eabi/lib/thumb/v7e-m+dp/hard/libc.a
LOAD /usr/lib/gcc/arm-none-eabi/15.2.0/../../../../arm-none-eabi/lib/thumb/v7e-m+dp/hard/libm.a
LOAD /usr/lib/gcc/arm-none-eabi/15.2.0/thumb/v7e-m+dp/hard/libgcc.a

.comment        0x00000000       0x46
 .comment       0x00000000       0x46 /usr/lib/gcc/arm-none-eabi/15.2.0/thumb/v7e-m+dp/hard/crtbegin.o
                                 0x24 (size before relaxing)
 .comment       0x00000046        0x0 build/startup_stm32h750xx.o
                                 0x24 (size before relaxing)
 .comment       0x00000046        0x0 ../../lib/libDaisy/build/libdaisy.a(system.o)
                                 0x24 (size before relaxing)
 .comment       0x00000046        0x0 ../../lib/libDaisy/build/libdaisy.a(system_stm32h7xx.o)
                                 0x24 (size before relaxing)
 .comment       0x00000046        0x0 ../../lib/libDaisy/build/libdaisy.a(usbd_conf.o)
                                 0x24 (size before relaxing)
 .comment       0x00000046        0x0 ../../lib/libDaisy/build/libdaisy.a(usbh_conf.o)
                                 0x24 (size before relaxing)
 .comment       0x00000046        0x0 ../../lib/libDaisy/build/libdaisy.a(stm32h7xx_hal.o)
                                 0x24 (size before relaxing)
 .comment       0x00000046        0x0 ../../lib/libDaisy/build/libdaisy.a(stm32h7xx_hal_cortex.o)
                                 0x24 (size before relaxing)
 .comment       0x00000046        0x0 ../../lib/libDaisy/build/libdaisy.a(stm32h7xx_hal_gpio.o)
                                 0x24 (size before relaxing)
 .comment       0x00000046        0x0 ../../lib/libDaisy/build/libdaisy.a(stm32h7xx_hal_hcd.o)
                                 0x24 (size before relaxing)
 .comment       0x00000046        0x0 ../../lib/libDaisy/build/libdaisy.a(stm32h7xx_hal_pcd.o)
                                 0x24 (size before relaxing)
 .comment       0x00000046        0x0 ../../lib/libDaisy/build/libdaisy.a(stm32h7xx_hal_pcd_ex.o)
                                 0x24 (size before relaxing)
 .comment       0x00000046        0x0 ../../lib/libDaisy/build/libdaisy.a(stm32h7xx_hal_rcc.o)
                                 0x24 (size before relaxing)
 .comment       0x00000046        0x0 ../../lib/libDaisy/build/libdaisy.a(stm32h7xx_hal_rcc_ex.o)
                                 0x24 (size before relaxing)
 .comment       0x00000046        0x0 ../../lib/libDaisy/build/libdaisy.a(stm32h7xx_ll_usb.o)
                                 0x24 (size before relaxing)
 .comment       0x00000046        0x0 ../../lib/libDaisy/build/libdaisy.a(usbd_core.o)
                                 0x24 (size before relaxing)
 .comment       0x00000046        0x0 ../../lib/libDaisy/build/libdaisy.a(usbd_ctlreq.o)
                                 0x24 (size before relaxing)
 .comment       0x00000046        0x0 ../../lib/libDaisy/build/libdaisy.a(usbd_ioreq.o)
                                 0x24 (size before relaxing)
 .comment       0x00000046        0x0 ../../lib/libDaisy/build/libdaisy.a(usbh_core.o)
                                 0x24 (size before relaxing)
 .comment       0x00000046        0x0 ../../lib/libDaisy/build/libdaisy.a(usbh_pipes.o)
                                 0x24 (size before relaxing)
 .comment       0x00000046        0x0 ../../lib/libDaisy/build/libdaisy.a(i2c.o)
                                 0x24 (size before relaxing)
 .comment       0x00000046        0x0 ../../lib/libDaisy/build/libdaisy.a(spi.o)
                                 0x24 (size before relaxing)
 .comment       0x00000046        0x0 ../../lib/libDaisy/build/libdaisy.a(tim.o)
                                 0x24 (size before relaxing)
 .comment       0x00000046        0x0 ../../lib/libDaisy/build/libdaisy.a(uart.o)
                                 0x24 (size before relaxing)
 .comment       0x00000046        0x0 ../../lib/libDaisy/build/libdaisy.a(dma.o)
                                 0x24 (size before relaxing)
 .comment       0x00000046        0x0 ../../lib/libDaisy/build/libdaisy.a(hal_map.o)
                                 0x24 (size before relaxing)
 .comment       0x00000046        0x0 ../../lib/libDaisy/build/libdaisy.a(stm32h7xx_hal_dma.o)
                                 0x24 (size before relaxing)
 .comment       0x00000046        0x0 ../../lib/libDaisy/build/libdaisy.a(stm32h7xx_hal_i2c.o)
                                 0x24 (size before relaxing)
 .comment       0x00000046        0x0 ../../lib/libDaisy/build/libdaisy.a(stm32h7xx_hal_spi.o)
                                 0x24 (size before relaxing)
 .comment       0x00000046        0x0 ../../lib/libDaisy/build/libdaisy.a(stm32h7xx_hal_tim.o)
                                 0x24 (size before relaxing)
 .comment       0x00000046        0x0 ../../lib/libDaisy/build/libdaisy.a(stm32h7xx_hal_tim_ex.o)
                                 0x24 (size before relaxing)
 .comment       0x00000046        0x0 ../../lib/libDaisy/build/libdaisy.a(stm32h7xx_hal_uart.o)
                                 0x24 (size before relaxing)
 .comment       0x00000046        0x0 ../../lib/libDaisy/build/libdaisy.a(stm32h7xx_hal_uart_ex.o)
                                 0x24 (size before relaxing)
 .comment       0x00000046        0x0 /usr/lib/gcc/arm-none-eabi/15.2.0/../../../../arm-none-eabi/lib/thumb/v7e-m+dp/hard/libc_nano.a(libc_a-memset.o)
                                 0x24 (size before relaxing)
 .comment       0x00000046        0x0 /usr/lib/gcc/arm-none-eabi/15.2.0/../../../../arm-none-eabi/lib/thumb/v7e-m+dp/hard/libc_nano.a(libc_a-init.o)
                                 0x24 (size before relaxing)
 .comment       0x00000046        0x0 /usr/lib/gcc/arm-none-eabi/15.2.0/../../../../arm-none-eabi/lib/thumb/v7e-m+dp/hard/libc_nano.a(libc_a-memcpy-stub.o)
                                 0x24 (size before relaxing)
 .comment       0x00000046        0x0 /usr/lib/gcc/arm-none-eabi/15.2.0/thumb/v7e-m+dp/hard/libgcc.a(_udivmoddi4.o)
                                 0x24 (size before relaxing)
 .comment       0x00000046        0x0 /usr/lib/gcc/arm-none-eabi/15.2.0/thumb/v7e-m+dp/hard/crtend.o
                                 0x24 (size before relaxing)

.debug_info     0x00000000    0x49a8f
 .debug_info    0x00000000      0x1c6 build/startup_stm32h750xx.o
 .debug_info    0x000001c6     0x5224 ../../lib/libDaisy/build/libdaisy.a(system.o)
 .debug_info    0x000053ea      0xa3a ../../lib/libDaisy/build/libdaisy.a(system_stm32h7xx.o)
 .debug_info    0x00005e24     0x2a56 ../../lib/libDaisy/build/libdaisy.a(usbd_conf.o)
 .debug_info    0x0000887a     0x28dd ../../lib/libDaisy/build/libdaisy.a(usbh_conf.o)
 .debug_info    0x0000b157     0x1632 ../../lib/libDaisy/build/libdaisy.a(stm32h7xx_hal.o)
 .debug_info    0x0000c789     0x12fd ../../lib/libDaisy/build/libdaisy.a(stm32h7xx_hal_cortex.o)
 .debug_info    0x0000da86      0xc7a ../../lib/libDaisy/build/libdaisy.a(stm32h7xx_hal_gpio.o)
 .debug_info    0x0000e700     0x147d ../../lib/libDaisy/build/libdaisy.a(stm32h7xx_hal_hcd.o)
 .debug_info    0x0000fb7d     0x1b6c ../../lib/libDaisy/build/libdaisy.a(stm32h7xx_hal_pcd.o)
 .debug_info    0x000116e9      0xa03 ../../lib/libDaisy/build/libdaisy.a(stm32h7xx_hal_pcd_ex.o)
 .debug_info    0x000120ec     0x11ab ../../lib/libDaisy/build/libdaisy.a(stm32h7xx_hal_rcc.o)
 .debug_info    0x00013297     0x1f0a ../../lib/libDaisy/build/libdaisy.a(stm32h7xx_hal_rcc_ex.o)
 .debug_info    0x000151a1     0x2116 ../../lib/libDaisy/build/libdaisy.a(stm32h7xx_ll_usb.o)
 .debug_info    0x000172b7      0xf2c ../../lib/libDaisy/build/libdaisy.a(usbd_core.o)
 .debug_info    0x000181e3      0xf90 ../../lib/libDaisy/build/libdaisy.a(usbd_ctlreq.o)
 .debug_info    0x00019173      0x86e ../../lib/libDaisy/build/libdaisy.a(usbd_ioreq.o)
 .debug_info    0x000199e1     0x16ab ../../lib/libDaisy/build/libdaisy.a(usbh_core.o)
 .debug_info    0x0001b08c      0xb5b ../../lib/libDaisy/build/libdaisy.a(usbh_pipes.o)
 .debug_info    0x0001bbe7     0x68e6 ../../lib/libDaisy/build/libdaisy.a(i2c.o)
 .debug_info    0x000224cd     0x7120 ../../lib/libDaisy/build/libdaisy.a(spi.o)
 .debug_info    0x000295ed     0x4dcb ../../lib/libDaisy/build/libdaisy.a(tim.o)
 .debug_info    0x0002e3b8     0x717d ../../lib/libDaisy/build/libdaisy.a(uart.o)
 .debug_info    0x00035535     0x11c6 ../../lib/libDaisy/build/libdaisy.a(dma.o)
 .debug_info    0x000366fb      0x7ab ../../lib/libDaisy/build/libdaisy.a(hal_map.o)
 .debug_info    0x00036ea6      0xe95 ../../lib/libDaisy/build/libdaisy.a(stm32h7xx_hal_dma.o)
 .debug_info    0x00037d3b     0x60d8 ../../lib/libDaisy/build/libdaisy.a(stm32h7xx_hal_i2c.o)
 .debug_info    0x0003de13     0x1a97 ../../lib/libDaisy/build/libdaisy.a(stm32h7xx_hal_spi.o)
 .debug_info    0x0003f8aa     0x481c ../../lib/libDaisy/build/libdaisy.a(stm32h7xx_hal_tim.o)
 .debug_info    0x000440c6     0x197e ../../lib/libDaisy/build/libdaisy.a(stm32h7xx_hal_tim_ex.o)
 .debug_info    0x00045a44     0x2830 ../../lib/libDaisy/build/libdaisy.a(stm32h7xx_hal_uart.o)
 .debug_info    0x00048274      0xda6 ../../lib/libDaisy/build/libdaisy.a(stm32h7xx_hal_uart_ex.o)
 .debug_info    0x0004901a       0xe5 /usr/lib/gcc/arm-none-eabi/15.2.0/../../../../arm-none-eabi/lib/thumb/v7e-m+dp/hard/libc_nano.a(libc_a-memset.o)
 .debug_info    0x000490ff      0x110 /usr/lib/gcc/arm-none-eabi/15.2.0/../../../../arm-none-eabi/lib/thumb/v7e-m+dp/hard/libc_nano.a(libc_a-init.o)
 .debug_info    0x0004920f      0x126 /usr/lib/gcc/arm-none-eabi/15.2.0/../../../../arm-none-eabi/lib/thumb/v7e-m+dp/hard/libc_nano.a(libc_a-memcpy-stub.o)
 .debug_info    0x00049335       0x24 /usr/lib/gcc/arm-none-eabi/15.2.0/thumb/v7e-m+dp/hard/libgcc.a(_aeabi_uldivmod.o)
 .debug_info    0x00049359      0x6fa /usr/lib/gcc/arm-none-eabi/15.2.0/thumb/v7e-m+dp/hard/libgcc.a(_udivmoddi4.o)
 .debug_info    0x00049a53       0x3c /usr/lib/gcc/arm-none-eabi/15.2.0/thumb/v7e-m+dp/hard/libgcc.a(_dvmd_tls.o)

.debug_abbrev   0x00000000     0x86d0
 .debug_abbrev  0x00000000      0x14d build/startup_stm32h750xx.o
 .debug_abbrev  0x0000014d      0x908 ../../lib/libDaisy/build/libdaisy.a(system.o)
 .debug_abbrev  0x00000a55      0x14d ../../lib/libDaisy/build/libdaisy.a(system_stm32h7xx.o)
 .debug_abbrev  0x00000ba2      0x368 ../../lib/libDaisy/build/libdaisy.a(usbd_conf.o)
 .debug_abbrev  0x00000f0a      0x495 ../../lib/libDaisy/build/libdaisy.a(usbh_conf.o)
 .debug_abbrev  0x0000139f      0x2ed ../../lib/libDaisy/build/libdaisy.a(stm32h7xx_hal.o)
 .debug_abbrev  0x0000168c      0x36d ../../lib/libDaisy/build/libdaisy.a(stm32h7xx_hal_cortex.o)
 .debug_abbrev  0x000019f9      0x25d ../../lib/libDaisy/build/libdaisy.a(stm32h7xx_hal_gpio.o)
 .debug_abbrev  0x00001c56      0x346 ../../lib/libDaisy/build/libdaisy.a(stm32h7xx_hal_hcd.o)
 .debug_abbrev  0x00001f9c      0x3e4 ../../lib/libDaisy/build/libdaisy.a(stm32h7xx_hal_pcd.o)
 .debug_abbrev  0x00002380      0x314 ../../lib/libDaisy/build/libdaisy.a(stm32h7xx_hal_pcd_ex.o)
 .debug_abbrev  0x00002694      0x31f ../../lib/libDaisy/build/libdaisy.a(stm32h7xx_hal_rcc.o)
 .debug_abbrev  0x000029b3      0x341 ../../lib/libDaisy/build/libdaisy.a(stm32h7xx_hal_rcc_ex.o)
 .debug_abbrev  0x00002cf4      0x431 ../../lib/libDaisy/build/libdaisy.a(stm32h7xx_ll_usb.o)
 .debug_abbrev  0x00003125      0x2ec ../../lib/libDaisy/build/libdaisy.a(usbd_core.o)
 .debug_abbrev  0x00003411      0x3ac ../../lib/libDaisy/build/libdaisy.a(usbd_ctlreq.o)
 .debug_abbrev  0x000037bd      0x1b3 ../../lib/libDaisy/build/libdaisy.a(usbd_ioreq.o)
 .debug_abbrev  0x00003970      0x43e ../../lib/libDaisy/build/libdaisy.a(usbh_core.o)
 .debug_abbrev  0x00003dae      0x2bf ../../lib/libDaisy/build/libdaisy.a(usbh_pipes.o)
 .debug_abbrev  0x0000406d      0x985 ../../lib/libDaisy/build/libdaisy.a(i2c.o)
 .debug_abbrev  0x000049f2      0x9c6 ../../lib/libDaisy/build/libdaisy.a(spi.o)
 .debug_abbrev  0x000053b8      0x82c ../../lib/libDaisy/build/libdaisy.a(tim.o)
 .debug_abbrev  0x00005be4      0xa42 ../../lib/libDaisy/build/libdaisy.a(uart.o)
 .debug_abbrev  0x00006626      0x20d ../../lib/libDaisy/build/libdaisy.a(dma.o)
 .debug_abbrev  0x00006833      0x19a ../../lib/libDaisy/build/libdaisy.a(hal_map.o)
 .debug_abbrev  0x000069cd      0x333 ../../lib/libDaisy/build/libdaisy.a(stm32h7xx_hal_dma.o)
 .debug_abbrev  0x00006d00      0x3e8 ../../lib/libDaisy/build/libdaisy.a(stm32h7xx_hal_i2c.o)
 .debug_abbrev  0x000070e8      0x401 ../../lib/libDaisy/build/libdaisy.a(stm32h7xx_hal_spi.o)
 .debug_abbrev  0x000074e9      0x386 ../../lib/libDaisy/build/libdaisy.a(stm32h7xx_hal_tim.o)
 .debug_abbrev  0x0000786f      0x345 ../../lib/libDaisy/build/libdaisy.a(stm32h7xx_hal_tim_ex.o)
 .debug_abbrev  0x00007bb4      0x441 ../../lib/libDaisy/build/libdaisy.a(stm32h7xx_hal_uart.o)
 .debug_abbrev  0x00007ff5      0x2f7 ../../lib/libDaisy/build/libdaisy.a(stm32h7xx_hal_uart_ex.o)
 .debug_abbrev  0x000082ec       0xa4 /usr/lib/gcc/arm-none-eabi/15.2.0/../../../../arm-none-eabi/lib/thumb/v7e-m+dp/hard/libc_nano.a(libc_a-memset.o)
 .debug_abbrev  0x00008390       0xcf /usr/lib/gcc/arm-none-eabi/15.2.0/../../../../arm-none-eabi/lib/thumb/v7e-m+dp/hard/libc_nano.a(libc_a-init.o)
 .debug_abbrev  0x0000845f       0xc7 /usr/lib/gcc/arm-none-eabi/15.2.0/../../../../arm-none-eabi/lib/thumb/v7e-m+dp/hard/libc_nano.a(libc_a-memcpy-stub.o)
 .debug_abbrev  0x00008526       0x14 /usr/lib/gcc/arm-none-eabi/15.2.0/thumb/v7e-m+dp/hard/libgcc.a(_aeabi_uldivmod.o)
 .debug_abbrev  0x0000853a      0x170 /usr/lib/gcc/arm-none-eabi/15.2.0/thumb/v7e-m+dp/hard/libgcc.a(_udivmoddi4.o)
 .debug_abbrev  0x000086aa       0x26 /usr/lib/gcc/arm-none-eabi/15.2.0/thumb/v7e-m+dp/hard/libgcc.a(_dvmd_tls.o)

.debug_aranges  0x00000000     0x2038
 .debug_aranges
                0x00000000       0x28 build/startup_stm32h750xx.o
 .debug_aranges
                0x00000028      0x100 ../../lib/libDaisy/build/libdaisy.a(system.o)
 .debug_aranges
                0x00000128       0x28 ../../lib/libDaisy/build/libdaisy.a(system_stm32h7xx.o)
 .debug_aranges
                0x00000150      0x108 ../../lib/libDaisy/build/libdaisy.a(usbd_conf.o)
 .debug_aranges
                0x00000258       0xd8 ../../lib/libDaisy/build/libdaisy.a(usbh_conf.o)
 .debug_aranges
                0x00000330      0x1a0 ../../lib/libDaisy/build/libdaisy.a(stm32h7xx_hal.o)
 .debug_aranges
                0x000004d0       0xb0 ../../lib/libDaisy/build/libdaisy.a(stm32h7xx_hal_cortex.o)
 .debug_aranges
                0x00000580       0x58 ../../lib/libDaisy/build/libdaisy.a(stm32h7xx_hal_gpio.o)
 .debug_aranges
                0x000005d8       0xd0 ../../lib/libDaisy/build/libdaisy.a(stm32h7xx_hal_hcd.o)
 .debug_aranges
                0x000006a8      0x118 ../../lib/libDaisy/build/libdaisy.a(stm32h7xx_hal_pcd.o)
 .debug_aranges
                0x000007c0       0x60 ../../lib/libDaisy/build/libdaisy.a(stm32h7xx_hal_pcd_ex.o)
 .debug_aranges
                0x00000820       0x88 ../../lib/libDaisy/build/libdaisy.a(stm32h7xx_hal_rcc.o)
 .debug_aranges
                0x000008a8       0xe0 ../../lib/libDaisy/build/libdaisy.a(stm32h7xx_hal_rcc_ex.o)
 .debug_aranges
                0x00000988      0x190 ../../lib/libDaisy/build/libdaisy.a(stm32h7xx_ll_usb.o)
 .debug_aranges
                0x00000b18       0xb8 ../../lib/libDaisy/build/libdaisy.a(usbd_core.o)
 .debug_aranges
                0x00000bd0       0x48 ../../lib/libDaisy/build/libdaisy.a(usbd_ctlreq.o)
 .debug_aranges
                0x00000c18       0x50 ../../lib/libDaisy/build/libdaisy.a(usbd_ioreq.o)
 .debug_aranges
                0x00000c68       0xa8 ../../lib/libDaisy/build/libdaisy.a(usbh_core.o)
 .debug_aranges
                0x00000d10       0x38 ../../lib/libDaisy/build/libdaisy.a(usbh_pipes.o)
 .debug_aranges
                0x00000d48      0x148 ../../lib/libDaisy/build/libdaisy.a(i2c.o)
 .debug_aranges
                0x00000e90      0x198 ../../lib/libDaisy/build/libdaisy.a(spi.o)
 .debug_aranges
                0x00001028      0x140 ../../lib/libDaisy/build/libdaisy.a(tim.o)
 .debug_aranges
                0x00001168      0x1f8 ../../lib/libDaisy/build/libdaisy.a(uart.o)
 .debug_aranges
                0x00001360       0x38 ../../lib/libDaisy/build/libdaisy.a(dma.o)
 .debug_aranges
                0x00001398       0x30 ../../lib/libDaisy/build/libdaisy.a(hal_map.o)
 .debug_aranges
                0x000013c8       0x88 ../../lib/libDaisy/build/libdaisy.a(stm32h7xx_hal_dma.o)
 .debug_aranges
                0x00001450      0x240 ../../lib/libDaisy/build/libdaisy.a(stm32h7xx_hal_i2c.o)
 .debug_aranges
                0x00001690      0x190 ../../lib/libDaisy/build/libdaisy.a(stm32h7xx_hal_spi.o)
 .debug_aranges
                0x00001820      0x378 ../../lib/libDaisy/build/libdaisy.a(stm32h7xx_hal_tim.o)
 .debug_aranges
                0x00001b98      0x168 ../../lib/libDaisy/build/libdaisy.a(stm32h7xx_hal_tim_ex.o)
 .debug_aranges
                0x00001d00      0x200 ../../lib/libDaisy/build/libdaisy.a(stm32h7xx_hal_uart.o)
 .debug_aranges
                0x00001f00       0x78 ../../lib/libDaisy/build/libdaisy.a(stm32h7xx_hal_uart_ex.o)
 .debug_aranges